Archive member included to satisfy reference by file (symbol)

C:\Users\lucky\.platformio\packages\framework-arduinoasrmicro650x\cores\asr650x\projects\CubeCellLib.a(AT_Command.o)
                              .pio\build\cubecell_board\src\mini-lora-weatherstation.cpp.o (printDevParam)
C:\Users\lucky\.platformio\packages\framework-arduinoasrmicro650x\cores\asr650x\projects\CubeCellLib.a(UART_1.o)
                              C:\Users\lucky\.platformio\packages\framework-arduinoasrmicro650x\cores\asr650x\projects\CubeCellLib.a(AT_Command.o) (UART_1_Start)
C:\Users\lucky\.platformio\packages\framework-arduinoasrmicro650x\cores\asr650x\projects\CubeCellLib.a(ASR_Arduino.o)
                              C:\Users\lucky\.platformio\packages\framework-arduinoasrmicro650x\cores\asr650x\projects\CubeCellLib.a(AT_Command.o) (getID)
C:\Users\lucky\.platformio\packages\framework-arduinoasrmicro650x\cores\asr650x\projects\CubeCellLib.a(timeServer.o)
                              C:\Users\lucky\.platformio\packages\framework-arduinoasrmicro650x\cores\asr650x\projects\CubeCellLib.a(AT_Command.o) (TimerInit)
C:\Users\lucky\.platformio\packages\framework-arduinoasrmicro650x\cores\asr650x\projects\CubeCellLib.a(lorawan_port.o)
                              C:\Users\lucky\.platformio\packages\framework-arduinoasrmicro650x\cores\asr650x\projects\CubeCellLib.a(timeServer.o) (aos_lrwan_time_itf)
C:\Users\lucky\.platformio\packages\framework-arduinoasrmicro650x\cores\asr650x\projects\CubeCellLib.a(asr_timer.o)
                              C:\Users\lucky\.platformio\packages\framework-arduinoasrmicro650x\cores\asr650x\projects\CubeCellLib.a(lorawan_port.o) (Asr_Timer_RegisterAlarmCallback)
C:\Users\lucky\.platformio\packages\framework-arduinoasrmicro650x\cores\asr650x\projects\CubeCellLib.a(cyfitter_cfg.o)
                              C:\Users\lucky\.platformio\packages\framework-arduinoasrmicro650x\cores\asr650x\projects\CubeCellLib.a(ASR_Arduino.o) (systime)
.pio\build\cubecell_board\lib80b\libGrove - Barometer Sensor BME280.a(Seeed_BME280.cpp.o)
                              .pio\build\cubecell_board\src\mini-lora-weatherstation.cpp.o (BME280::init())
.pio\build\cubecell_board\lib7e3\libLoRa.a(LoRaWan_APP.cpp.o)
                              .pio\build\cubecell_board\src\mini-lora-weatherstation.cpp.o (getBatteryVoltage)
.pio\build\cubecell_board\lib7e3\libLoRa.a(LoRa_APP.cpp.o)
                              C:\Users\lucky\.platformio\packages\framework-arduinoasrmicro650x\cores\asr650x\projects\CubeCellLib.a(AT_Command.o) (LoraRxTimeout)
.pio\build\cubecell_board\libFrameworkArduino.a(HardwareSerial.cpp.o)
                              .pio\build\cubecell_board\src\mini-lora-weatherstation.cpp.o (HardwareSerial::begin(unsigned long, unsigned long, signed char, bool, unsigned long))
.pio\build\cubecell_board\libFrameworkArduino.a(Wire.cpp.o)
                              .pio\build\cubecell_board\lib80b\libGrove - Barometer Sensor BME280.a(Seeed_BME280.cpp.o) (TwoWire::available())
.pio\build\cubecell_board\libFrameworkArduino.a(asr_board.c.o)
                              .pio\build\cubecell_board\src\mini-lora-weatherstation.cpp.o (boardInitMcu)
.pio\build\cubecell_board\libFrameworkArduino.a(gpio.c.o)
                              .pio\build\cubecell_board\libFrameworkArduino.a(asr_board.c.o) (GpioInit)
.pio\build\cubecell_board\libFrameworkArduino.a(spi-board.c.o)
                              .pio\build\cubecell_board\libFrameworkArduino.a(asr_board.c.o) (SpiInit)
.pio\build\cubecell_board\libFrameworkArduino.a(ADC_SAR_Seq.c.o)
                              C:\Users\lucky\.platformio\packages\framework-arduinoasrmicro650x\cores\asr650x\projects\CubeCellLib.a(ASR_Arduino.o) (ADC_SAR_Seq_Start)
.pio\build\cubecell_board\libFrameworkArduino.a(ADC_SAR_Seq_INT.c.o)
                              .pio\build\cubecell_board\libFrameworkArduino.a(ADC_SAR_Seq.c.o) (ADC_SAR_Seq_ISR)
.pio\build\cubecell_board\libFrameworkArduino.a(I2C_1_I2C_MASTER.c.o)
                              .pio\build\cubecell_board\libFrameworkArduino.a(Wire.cpp.o) (I2C_1_I2CMasterSendStart)
.pio\build\cubecell_board\libFrameworkArduino.a(I2C_I2C_MASTER.c.o)
                              .pio\build\cubecell_board\libFrameworkArduino.a(Wire.cpp.o) (I2C_I2CMasterSendStart)
.pio\build\cubecell_board\libFrameworkArduino.a(PWM1.c.o)
                              C:\Users\lucky\.platformio\packages\framework-arduinoasrmicro650x\cores\asr650x\projects\CubeCellLib.a(ASR_Arduino.o) (PWM1_Stop)
.pio\build\cubecell_board\libFrameworkArduino.a(PWM2.c.o)
                              C:\Users\lucky\.platformio\packages\framework-arduinoasrmicro650x\cores\asr650x\projects\CubeCellLib.a(ASR_Arduino.o) (PWM2_Stop)
.pio\build\cubecell_board\libFrameworkArduino.a(Print.cpp.o)
                              .pio\build\cubecell_board\lib7e3\libLoRa.a(LoRaWan_APP.cpp.o) (Print::printf(char const*, ...))
.pio\build\cubecell_board\libFrameworkArduino.a(Stream.cpp.o)
[...]
Memory Configuration

Name             Origin             Length             Attributes
rom              0x0000000000000000 0x0000000000020000 xr
ram              0x0000000020000000 0x0000000000004000 xrw
*default*        0x0000000000000000 0xffffffffffffffff

Linker script and memory map

LOAD c:/users/lucky/.platformio/packages/toolchain-gccarmnoneeabi/bin/../lib/gcc/arm-none-eabi/9.2.1/thumb/v6-m/nofp/crti.o
LOAD c:/users/lucky/.platformio/packages/toolchain-gccarmnoneeabi/bin/../lib/gcc/arm-none-eabi/9.2.1/thumb/v6-m/nofp/crtbegin.o
LOAD c:/users/lucky/.platformio/packages/toolchain-gccarmnoneeabi/bin/../lib/gcc/arm-none-eabi/9.2.1/../../../../arm-none-eabi/lib/thumb/v6-m/nofp/crt0.o
LOAD .pio\build\cubecell_board\src\mini-lora-weatherstation.cpp.o
START GROUP
LOAD C:\Users\lucky\.platformio\packages\framework-arduinoasrmicro650x\cores\asr650x\projects\CubeCellLib.a
LOAD .pio\build\cubecell_board\lib80b\libGrove - Barometer Sensor BME280.a
LOAD .pio\build\cubecell_board\libb53\libRGB.a
LOAD .pio\build\cubecell_board\libd4e\libOLED.a
LOAD .pio\build\cubecell_board\lib7e3\libLoRa.a
LOAD .pio\build\cubecell_board\libFrameworkArduinoVariant.a
LOAD .pio\build\cubecell_board\libFrameworkArduino.a
LOAD c:/users/lucky/.platformio/packages/toolchain-gccarmnoneeabi/bin/../lib/gcc/arm-none-eabi/9.2.1/../../../../arm-none-eabi/lib/thumb/v6-m/nofp\libstdc++_nano.a
END GROUP
LOAD c:/users/lucky/.platformio/packages/toolchain-gccarmnoneeabi/bin/../lib/gcc/arm-none-eabi/9.2.1/../../../../arm-none-eabi/lib/thumb/v6-m/nofp\libstdc++_nano.a
LOAD c:/users/lucky/.platformio/packages/toolchain-gccarmnoneeabi/bin/../lib/gcc/arm-none-eabi/9.2.1/../../../../arm-none-eabi/lib/thumb/v6-m/nofp\libm.a
START GROUP
LOAD c:/users/lucky/.platformio/packages/toolchain-gccarmnoneeabi/bin/../lib/gcc/arm-none-eabi/9.2.1/thumb/v6-m/nofp\libgcc.a
LOAD c:/users/lucky/.platformio/packages/toolchain-gccarmnoneeabi/bin/../lib/gcc/arm-none-eabi/9.2.1/../../../../arm-none-eabi/lib/thumb/v6-m/nofp\libc_nano.a
END GROUP
START GROUP
LOAD c:/users/lucky/.platformio/packages/toolchain-gccarmnoneeabi/bin/../lib/gcc/arm-none-eabi/9.2.1/thumb/v6-m/nofp\libgcc.a
LOAD c:/users/lucky/.platformio/packages/toolchain-gccarmnoneeabi/bin/../lib/gcc/arm-none-eabi/9.2.1/../../../../arm-none-eabi/lib/thumb/v6-m/nofp\libc_nano.a
END GROUP
LOAD c:/users/lucky/.platformio/packages/toolchain-gccarmnoneeabi/bin/../lib/gcc/arm-none-eabi/9.2.1/thumb/v6-m/nofp/crtend.o
LOAD c:/users/lucky/.platformio/packages/toolchain-gccarmnoneeabi/bin/../lib/gcc/arm-none-eabi/9.2.1/thumb/v6-m/nofp/crtn.o
START GROUP
LOAD c:/users/lucky/.platformio/packages/toolchain-gccarmnoneeabi/bin/../lib/gcc/arm-none-eabi/9.2.1/thumb/v6-m/nofp\libgcc.a
LOAD c:/users/lucky/.platformio/packages/toolchain-gccarmnoneeabi/bin/../lib/gcc/arm-none-eabi/9.2.1/../../../../arm-none-eabi/lib/thumb/v6-m/nofp\libc.a
LOAD c:/users/lucky/.platformio/packages/toolchain-gccarmnoneeabi/bin/../lib/gcc/arm-none-eabi/9.2.1/../../../../arm-none-eabi/lib/thumb/v6-m/nofp\libnosys.a
END GROUP
                0x0000000000000000                CY_APPL_ORIGIN = 0x0
                0x0000000000000100                CY_FLASH_ROW_SIZE = 0x100
                0x0000000000000001                CY_APPL_NUM = 0x1
                0x0000000000000001                CY_APPL_MAX = 0x1
                0x0000000000000040                CY_METADATA_SIZE = 0x40
                0x0000000000000001                CY_APPL_LOADABLE = 0x1
                0x0000000000000000                CY_CHECKSUM_EXCLUDE_SIZE = ALIGN (0x0, CY_FLASH_ROW_SIZE)
                0x0000000000000000                CY_APP_FOR_STACK_AND_COPIER = 0x0
                [!provide]                        PROVIDE (__cy_heap_start = _end)
                0x0000000000000001                PROVIDE (__cy_region_num = ((__cy_regions_end - __cy_regions) / 0x10))
                0x0000000020004000                PROVIDE (__cy_stack = (ORIGIN (ram) + LENGTH (ram)))
                [!provide]                        PROVIDE (__cy_heap_end = (__cy_stack - 0x800))

.cybootloader   0x0000000000000000     0x2200
 *(.cybootloader)
 .cybootloader  0x0000000000000000     0x2200 .pio\build\cubecell_board\libFrameworkArduino.a(cybootloader.c.o)
                0x0000000000000000                cy_bootloader
                0x0000000000002200                appl1_start = CY_APPL_ORIGIN?CY_APPL_ORIGIN:ALIGN (CY_FLASH_ROW_SIZE)
                0x0000000000011000                appl2_start = (appl1_start + ALIGN ((((LENGTH (rom) - appl1_start) - (0x2 * CY_FLASH_ROW_SIZE)) / 0x2), CY_FLASH_ROW_SIZE))
                0x0000000000002200                appl_start = (CY_APPL_NUM == 0x1)?appl1_start:appl2_start
                0x0000000000000000                cy_project_type_bootloader = (appl_start == 0x0)?0x1:0x0
                0x0000000000000000                cy_project_type_app_for_stack_and_copier = (CY_APP_FOR_STACK_AND_COPIER == 0x1)?0x1:0x0

.text           0x0000000000002200    0x10b2c
 CREATE_OBJECT_SYMBOLS
                0x0000000000002200                PROVIDE (__cy_interrupt_vector = RomVectors)
 *(.romvectors)
 .romvectors    0x0000000000002200       0x10 .pio\build\cubecell_board\libFrameworkArduino.a(Cm0plusStart.c.o)
                0x0000000000002200                RomVectors
                0x0000000000000001                ASSERT ((. != __cy_interrupt_vector), No interrupt vector)
                0x0000000000000001                ASSERT (CY_APPL_ORIGIN?(SIZEOF (.cybootloader) <= CY_APPL_ORIGIN):0x1, Wrong image location)
                0x0000000000002210                PROVIDE (__cy_reset = Reset)
 *(.text.Reset)
 .text.Reset    0x0000000000002210       0x18 .pio\build\cubecell_board\libFrameworkArduino.a(Cm0plusStart.c.o)
                0x0000000000002210                Reset
                0x0000000000000001                ASSERT ((. != __cy_reset), No reset code)
 *(.psocinit)
 .psocinit      0x0000000000002228      0x1b4 C:\Users\lucky\.platformio\packages\framework-arduinoasrmicro650x\cores\asr650x\projects\CubeCellLib.a(cyfitter_cfg.o)
                0x0000000000002228                cyfitter_cfg
                0x00000000000023dc                . = MAX (., 0x100)
 *(.text .text.* .gnu.linkonce.t.*)
 .text.__do_global_dtors_aux
                0x00000000000023dc       0x28 c:/users/lucky/.platformio/packages/toolchain-gccarmnoneeabi/bin/../lib/gcc/arm-none-eabi/9.2.1/thumb/v6-m/nofp/crtbegin.o
 .text.frame_dummy
                0x0000000000002404       0x20 c:/users/lucky/.platformio/packages/toolchain-gccarmnoneeabi/bin/../lib/gcc/arm-none-eabi/9.2.1/thumb/v6-m/nofp/crtbegin.o
 .text._Z5setupv
                0x0000000000002424       0x4c .pio\build\cubecell_board\src\mini-lora-weatherstation.cpp.o
                0x0000000000002424                setup()
 .text._Z4loopv
                0x0000000000002470      0x1e4 .pio\build\cubecell_board\src\mini-lora-weatherstation.cpp.o
                0x0000000000002470                loop()
 .text.getLoraPara
                0x0000000000002654       0xb0 C:\Users\lucky\.platformio\packages\framework-arduinoasrmicro650x\cores\asr650x\projects\CubeCellLib.a(AT_Command.o)
 .text.print_para_1
                0x0000000000002704       0x20 C:\Users\lucky\.platformio\packages\framework-arduinoasrmicro650x\cores\asr650x\projects\CubeCellLib.a(AT_Command.o)
                0x0000000000002704                print_para_1
 .text.prepareSavePara
                0x0000000000002724       0x1c C:\Users\lucky\.platformio\packages\framework-arduinoasrmicro650x\cores\asr650x\projects\CubeCellLib.a(AT_Command.o)
                0x0000000000002724                prepareSavePara
 .text.getDevParam
                0x0000000000002740      0x2f8 C:\Users\lucky\.platformio\packages\framework-arduinoasrmicro650x\cores\asr650x\projects\CubeCellLib.a(AT_Command.o)
                0x0000000000002740                getDevParam
 .text.netInfoDisable
                0x0000000000002a38       0x1a C:\Users\lucky\.platformio\packages\framework-arduinoasrmicro650x\cores\asr650x\projects\CubeCellLib.a(AT_Command.o)
                0x0000000000002a38                netInfoDisable
 *fill*         0x0000000000002a52        0x2 
 .text.saveNetInfo
                0x0000000000002a54       0x58 C:\Users\lucky\.platformio\packages\framework-arduinoasrmicro650x\cores\asr650x\projects\CubeCellLib.a(AT_Command.o)
                0x0000000000002a54                saveNetInfo
 .text.checkNetInfo
                0x0000000000002aac       0x34 C:\Users\lucky\.platformio\packages\framework-arduinoasrmicro650x\cores\asr650x\projects\CubeCellLib.a(AT_Command.o)
                0x0000000000002aac                checkNetInfo
 .text.saveDownCnt
                0x0000000000002ae0       0x40 C:\Users\lucky\.platformio\packages\framework-arduinoasrmicro650x\cores\asr650x\projects\CubeCellLib.a(AT_Command.o)
                0x0000000000002ae0                saveDownCnt
 .text.getNetInfo
                0x0000000000002b20      0x120 C:\Users\lucky\.platformio\packages\framework-arduinoasrmicro650x\cores\asr650x\projects\CubeCellLib.a(AT_Command.o)
                0x0000000000002b20                getNetInfo
 .text.printDevParam
                0x0000000000002c40      0x224 C:\Users\lucky\.platformio\packages\framework-arduinoasrmicro650x\cores\asr650x\projects\CubeCellLib.a(AT_Command.o)
                0x0000000000002c40                printDevParam
 .text.UART_1_Enable
                0x0000000000002e64       0x20 C:\Users\lucky\.platformio\packages\framework-arduinoasrmicro650x\cores\asr650x\projects\CubeCellLib.a(UART_1.o)
                0x0000000000002e64                UART_1_Enable
 .text.UART_1_Start
                0x0000000000002e84       0x54 C:\Users\lucky\.platformio\packages\framework-arduinoasrmicro650x\cores\asr650x\projects\CubeCellLib.a(UART_1.o)
                0x0000000000002e84                UART_1_Start
 .text.globalGpioIsrEntry
                0x0000000000002ed8       0x58 C:\Users\lucky\.platformio\packages\framework-arduinoasrmicro650x\cores\asr650x\projects\CubeCellLib.a(ASR_Arduino.o)
                0x0000000000002ed8                globalGpioIsrEntry
 .text.getID    0x0000000000002f30       0x18 C:\Users\lucky\.platformio\packages\framework-arduinoasrmicro650x\cores\asr650x\projects\CubeCellLib.a(ASR_Arduino.o)
                0x0000000000002f30                getID
 .text.license_check
                0x0000000000002f48      0x268 C:\Users\lucky\.platformio\packages\framework-arduinoasrmicro650x\cores\asr650x\projects\CubeCellLib.a(ASR_Arduino.o)
                0x0000000000002f48                license_check
 .text.pinMode  0x00000000000031b0       0x6c C:\Users\lucky\.platformio\packages\framework-arduinoasrmicro650x\cores\asr650x\projects\CubeCellLib.a(ASR_Arduino.o)
                0x00000000000031b0                pinMode
 .text.digitalWrite
                0x000000000000321c       0x68 C:\Users\lucky\.platformio\packages\framework-arduinoasrmicro650x\cores\asr650x\projects\CubeCellLib.a(ASR_Arduino.o)
                0x000000000000321c                digitalWrite
 .text.digitalRead
                0x0000000000003284       0x20 C:\Users\lucky\.platformio\packages\framework-arduinoasrmicro650x\cores\asr650x\projects\CubeCellLib.a(ASR_Arduino.o)
                0x0000000000003284                digitalRead
 .text.ClearPinInterrupt
                0x00000000000032a4       0x1c C:\Users\lucky\.platformio\packages\framework-arduinoasrmicro650x\cores\asr650x\projects\CubeCellLib.a(ASR_Arduino.o)
                0x00000000000032a4                ClearPinInterrupt
 .text.attachInterrupt
                0x00000000000032c0       0x7c C:\Users\lucky\.platformio\packages\framework-arduinoasrmicro650x\cores\asr650x\projects\CubeCellLib.a(ASR_Arduino.o)
                0x00000000000032c0                attachInterrupt
 .text.detachInterrupt
                0x000000000000333c       0x6c C:\Users\lucky\.platformio\packages\framework-arduinoasrmicro650x\cores\asr650x\projects\CubeCellLib.a(ASR_Arduino.o)
                0x000000000000333c                detachInterrupt
 .text.analogRead
                0x00000000000033a8       0x70 C:\Users\lucky\.platformio\packages\framework-arduinoasrmicro650x\cores\asr650x\projects\CubeCellLib.a(ASR_Arduino.o)
                0x00000000000033a8                analogRead
 .text.delay    0x0000000000003418        0x8 C:\Users\lucky\.platformio\packages\framework-arduinoasrmicro650x\cores\asr650x\projects\CubeCellLib.a(ASR_Arduino.o)
                0x0000000000003418                delay
 .text.millis   0x0000000000003420        0xc C:\Users\lucky\.platformio\packages\framework-arduinoasrmicro650x\cores\asr650x\projects\CubeCellLib.a(ASR_Arduino.o)
                0x0000000000003420                millis
 .text.SPI_BUSY_SetDriveMode
                0x000000000000342c        0x2 C:\Users\lucky\.platformio\packages\framework-arduinoasrmicro650x\cores\asr650x\projects\CubeCellLib.a(ASR_Arduino.o)
                0x000000000000342c                SPI_BUSY_SetDriveMode
 .text.SPI_NRESET_SetDriveMode
                0x000000000000342e        0x2 C:\Users\lucky\.platformio\packages\framework-arduinoasrmicro650x\cores\asr650x\projects\CubeCellLib.a(ASR_Arduino.o)
                0x000000000000342e                SPI_NRESET_SetDriveMode
 .text.antpow_SetDriveMode
                0x0000000000003430        0x2 C:\Users\lucky\.platformio\packages\framework-arduinoasrmicro650x\cores\asr650x\projects\CubeCellLib.a(ASR_Arduino.o)
                0x0000000000003430                antpow_SetDriveMode
 .text.SPI_1_miso_m_SetDriveMode
                0x0000000000003432        0x2 C:\Users\lucky\.platformio\packages\framework-arduinoasrmicro650x\cores\asr650x\projects\CubeCellLib.a(ASR_Arduino.o)
                0x0000000000003432                SPI_1_miso_m_SetDriveMode
 .text.SPI_1_mosi_m_SetDriveMode
                0x0000000000003434        0x2 C:\Users\lucky\.platformio\packages\framework-arduinoasrmicro650x\cores\asr650x\projects\CubeCellLib.a(ASR_Arduino.o)
                0x0000000000003434                SPI_1_mosi_m_SetDriveMode
 .text.SPI_1_sclk_m_SetDriveMode
                0x0000000000003436        0x2 C:\Users\lucky\.platformio\packages\framework-arduinoasrmicro650x\cores\asr650x\projects\CubeCellLib.a(ASR_Arduino.o)
                0x0000000000003436                SPI_1_sclk_m_SetDriveMode
 .text.TimeStampsUpdate
                0x0000000000003438       0x38 C:\Users\lucky\.platformio\packages\framework-arduinoasrmicro650x\cores\asr650x\projects\CubeCellLib.a(timeServer.o)
 .text.TimerSetTimeout
                0x0000000000003470       0x10 C:\Users\lucky\.platformio\packages\framework-arduinoasrmicro650x\cores\asr650x\projects\CubeCellLib.a(timeServer.o)
 .text.TimerInsertNewHeadTimer
                0x0000000000003480       0x1c C:\Users\lucky\.platformio\packages\framework-arduinoasrmicro650x\cores\asr650x\projects\CubeCellLib.a(timeServer.o)
 .text.TimerSetSysTime
                0x000000000000349c       0x10 C:\Users\lucky\.platformio\packages\framework-arduinoasrmicro650x\cores\asr650x\projects\CubeCellLib.a(timeServer.o)
                0x000000000000349c                TimerSetSysTime
 .text.TimerGetSysTime
                0x00000000000034ac       0x28 C:\Users\lucky\.platformio\packages\framework-arduinoasrmicro650x\cores\asr650x\projects\CubeCellLib.a(timeServer.o)
                0x00000000000034ac                TimerGetSysTime
 .text.TimerInit
                0x00000000000034d4        0xe C:\Users\lucky\.platformio\packages\framework-arduinoasrmicro650x\cores\asr650x\projects\CubeCellLib.a(timeServer.o)
                0x00000000000034d4                TimerInit
 *fill*         0x00000000000034e2        0x2 
 .text.TimerStart
                0x00000000000034e4       0x88 C:\Users\lucky\.platformio\packages\framework-arduinoasrmicro650x\cores\asr650x\projects\CubeCellLib.a(timeServer.o)
                0x00000000000034e4                TimerStart
 .text.TimerIrqHandler
                0x000000000000356c       0x70 C:\Users\lucky\.platformio\packages\framework-arduinoasrmicro650x\cores\asr650x\projects\CubeCellLib.a(timeServer.o)
                0x000000000000356c                TimerIrqHandler
 .text.TimerStop
                0x00000000000035dc       0x68 C:\Users\lucky\.platformio\packages\framework-arduinoasrmicro650x\cores\asr650x\projects\CubeCellLib.a(timeServer.o)
                0x00000000000035dc                TimerStop
 .text.TimerSetValue
                0x0000000000003644       0x1c C:\Users\lucky\.platformio\packages\framework-arduinoasrmicro650x\cores\asr650x\projects\CubeCellLib.a(timeServer.o)
                0x0000000000003644                TimerSetValue
 .text.TimerGetCurrentTime
                0x0000000000003660       0x10 C:\Users\lucky\.platformio\packages\framework-arduinoasrmicro650x\cores\asr650x\projects\CubeCellLib.a(timeServer.o)
                0x0000000000003660                TimerGetCurrentTime
 .text.TimerGetElapsedTime
                0x0000000000003670       0x10 C:\Users\lucky\.platformio\packages\framework-arduinoasrmicro650x\cores\asr650x\projects\CubeCellLib.a(timeServer.o)
                0x0000000000003670                TimerGetElapsedTime
 .text.get_timer_context
                0x0000000000003680        0xc C:\Users\lucky\.platformio\packages\framework-arduinoasrmicro650x\cores\asr650x\projects\CubeCellLib.a(lorawan_port.o)
 .text.set_timer_val
                0x000000000000368c        0xc C:\Users\lucky\.platformio\packages\framework-arduinoasrmicro650x\cores\asr650x\projects\CubeCellLib.a(lorawan_port.o)
 .text.radio_rw_dis
                0x0000000000003698        0x2 C:\Users\lucky\.platformio\packages\framework-arduinoasrmicro650x\cores\asr650x\projects\CubeCellLib.a(lorawan_port.o)
 .text.radio_rw
                0x000000000000369a        0x4 C:\Users\lucky\.platformio\packages\framework-arduinoasrmicro650x\cores\asr650x\projects\CubeCellLib.a(lorawan_port.o)
 *fill*         0x000000000000369e        0x2 
 .text.RTC_Update_ASR
                0x00000000000036a0       0x28 C:\Users\lucky\.platformio\packages\framework-arduinoasrmicro650x\cores\asr650x\projects\CubeCellLib.a(lorawan_port.o)
                0x00000000000036a0                RTC_Update_ASR
 .text.get_current_time
                0x00000000000036c8       0x54 C:\Users\lucky\.platformio\packages\framework-arduinoasrmicro650x\cores\asr650x\projects\CubeCellLib.a(lorawan_port.o)
                0x00000000000036c8                get_current_time
 .text.get_sys_time
                0x000000000000371c       0x28 C:\Users\lucky\.platformio\packages\framework-arduinoasrmicro650x\cores\asr650x\projects\CubeCellLib.a(lorawan_port.o)
                0x000000000000371c                get_sys_time
 .text.set_sys_time
                0x0000000000003744       0x44 C:\Users\lucky\.platformio\packages\framework-arduinoasrmicro650x\cores\asr650x\projects\CubeCellLib.a(lorawan_port.o)
                0x0000000000003744                set_sys_time
 .text.compute_elapsed_time
                0x0000000000003788       0x10 C:\Users\lucky\.platformio\packages\framework-arduinoasrmicro650x\cores\asr650x\projects\CubeCellLib.a(lorawan_port.o)
 .text.get_timer_elapsed_time
                0x0000000000003798       0x14 C:\Users\lucky\.platformio\packages\framework-arduinoasrmicro650x\cores\asr650x\projects\CubeCellLib.a(lorawan_port.o)
 .text.set_timer_context
                0x00000000000037ac       0x14 C:\Users\lucky\.platformio\packages\framework-arduinoasrmicro650x\cores\asr650x\projects\CubeCellLib.a(lorawan_port.o)
 .text.enter_sleep_mode
                0x00000000000037c0        0x8 C:\Users\lucky\.platformio\packages\framework-arduinoasrmicro650x\cores\asr650x\projects\CubeCellLib.a(lorawan_port.o)
 .text.set_alarm
                0x00000000000037c8       0x20 C:\Users\lucky\.platformio\packages\framework-arduinoasrmicro650x\cores\asr650x\projects\CubeCellLib.a(lorawan_port.o)
 .text.set_timeout
                0x00000000000037e8       0x2e C:\Users\lucky\.platformio\packages\framework-arduinoasrmicro650x\cores\asr650x\projects\CubeCellLib.a(lorawan_port.o)
 .text.AlarmBackHandler
                0x0000000000003816        0x8 C:\Users\lucky\.platformio\packages\framework-arduinoasrmicro650x\cores\asr650x\projects\CubeCellLib.a(lorawan_port.o)
 .text.stop_alarm
                0x000000000000381e        0x8 C:\Users\lucky\.platformio\packages\framework-arduinoasrmicro650x\cores\asr650x\projects\CubeCellLib.a(lorawan_port.o)
 .text.delay_ms
                0x0000000000003826        0x8 C:\Users\lucky\.platformio\packages\framework-arduinoasrmicro650x\cores\asr650x\projects\CubeCellLib.a(lorawan_port.o)
 .text.get_mft_baud
                0x000000000000382e        0x8 C:\Users\lucky\.platformio\packages\framework-arduinoasrmicro650x\cores\asr650x\projects\CubeCellLib.a(lorawan_port.o)
 .text.set_mft_baud
                0x0000000000003836        0x8 C:\Users\lucky\.platformio\packages\framework-arduinoasrmicro650x\cores\asr650x\projects\CubeCellLib.a(lorawan_port.o)
 .text.get_mft_sn
                0x000000000000383e        0x8 C:\Users\lucky\.platformio\packages\framework-arduinoasrmicro650x\cores\asr650x\projects\CubeCellLib.a(lorawan_port.o)
 .text.get_mft_rev
                0x0000000000003846        0x8 C:\Users\lucky\.platformio\packages\framework-arduinoasrmicro650x\cores\asr650x\projects\CubeCellLib.a(lorawan_port.o)
 .text.get_mft_model
                0x000000000000384e        0x8 C:\Users\lucky\.platformio\packages\framework-arduinoasrmicro650x\cores\asr650x\projects\CubeCellLib.a(lorawan_port.o)
 .text.get_mft_id
                0x0000000000003856        0x8 C:\Users\lucky\.platformio\packages\framework-arduinoasrmicro650x\cores\asr650x\projects\CubeCellLib.a(lorawan_port.o)
 .text.radio_rw_en
                0x000000000000385e        0x2 C:\Users\lucky\.platformio\packages\framework-arduinoasrmicro650x\cores\asr650x\projects\CubeCellLib.a(lorawan_port.o)
 .text.exit_stop_mode
                0x0000000000003860        0x2 C:\Users\lucky\.platformio\packages\framework-arduinoasrmicro650x\cores\asr650x\projects\CubeCellLib.a(lorawan_port.o)
 .text.set_uc_wakeup_time
                0x0000000000003862        0x2 C:\Users\lucky\.platformio\packages\framework-arduinoasrmicro650x\cores\asr650x\projects\CubeCellLib.a(lorawan_port.o)
 .text.radio_reset
                0x0000000000003864        0x2 C:\Users\lucky\.platformio\packages\framework-arduinoasrmicro650x\cores\asr650x\projects\CubeCellLib.a(lorawan_port.o)
 .text.radio_reset_cfg_input
                0x0000000000003866        0x2 C:\Users\lucky\.platformio\packages\framework-arduinoasrmicro650x\cores\asr650x\projects\CubeCellLib.a(lorawan_port.o)
 .text.BackupGpioDriveMode
                0x0000000000003868      0x114 C:\Users\lucky\.platformio\packages\framework-arduinoasrmicro650x\cores\asr650x\projects\CubeCellLib.a(lorawan_port.o)
                0x0000000000003868                BackupGpioDriveMode
 .text.RestoreGpioDriveMode
                0x000000000000397c      0x118 C:\Users\lucky\.platformio\packages\framework-arduinoasrmicro650x\cores\asr650x\projects\CubeCellLib.a(lorawan_port.o)
                0x000000000000397c                RestoreGpioDriveMode
 .text.SetPinHIZ
                0x0000000000003a94       0x2e C:\Users\lucky\.platformio\packages\framework-arduinoasrmicro650x\cores\asr650x\projects\CubeCellLib.a(lorawan_port.o)
                0x0000000000003a94                SetPinHIZ
 .text.UartDeepsleep
                0x0000000000003ac2       0x28 C:\Users\lucky\.platformio\packages\framework-arduinoasrmicro650x\cores\asr650x\projects\CubeCellLib.a(lorawan_port.o)
                0x0000000000003ac2                UartDeepsleep
 *fill*         0x0000000000003aea        0x2 
 .text.enter_stop_mode
                0x0000000000003aec       0x3c C:\Users\lucky\.platformio\packages\framework-arduinoasrmicro650x\cores\asr650x\projects\CubeCellLib.a(lorawan_port.o)
 .text.RtcInit  0x0000000000003b28       0x3c C:\Users\lucky\.platformio\packages\framework-arduinoasrmicro650x\cores\asr650x\projects\CubeCellLib.a(lorawan_port.o)
                0x0000000000003b28                RtcInit
 .text.Asr_Timer_RegisterAlarmCallback
                0x0000000000003b64       0x10 C:\Users\lucky\.platformio\packages\framework-arduinoasrmicro650x\cores\asr650x\projects\CubeCellLib.a(asr_timer.o)
                0x0000000000003b64                Asr_Timer_RegisterAlarmCallback
 .text.Asr_SetTimeout
                0x0000000000003b74       0xc4 C:\Users\lucky\.platformio\packages\framework-arduinoasrmicro650x\cores\asr650x\projects\CubeCellLib.a(asr_timer.o)
                0x0000000000003b74                Asr_SetTimeout
 .text.Asr_Timer_Init
                0x0000000000003c38       0x68 C:\Users\lucky\.platformio\packages\framework-arduinoasrmicro650x\cores\asr650x\projects\CubeCellLib.a(asr_timer.o)
                0x0000000000003c38                Asr_Timer_Init
 .text.Asr_Timer_Disable
                0x0000000000003ca0       0x18 C:\Users\lucky\.platformio\packages\framework-arduinoasrmicro650x\cores\asr650x\projects\CubeCellLib.a(asr_timer.o)
                0x0000000000003ca0                Asr_Timer_Disable
 .text.Timer0IsrCallback
                0x0000000000003cb8       0x1c C:\Users\lucky\.platformio\packages\framework-arduinoasrmicro650x\cores\asr650x\projects\CubeCellLib.a(asr_timer.o)
                0x0000000000003cb8                Timer0IsrCallback
 .text.Timer1IsrCallback
                0x0000000000003cd4       0x28 C:\Users\lucky\.platformio\packages\framework-arduinoasrmicro650x\cores\asr650x\projects\CubeCellLib.a(asr_timer.o)
                0x0000000000003cd4                Timer1IsrCallback
 .text.systemTimer
                0x0000000000003cfc       0x10 C:\Users\lucky\.platformio\packages\framework-arduinoasrmicro650x\cores\asr650x\projects\CubeCellLib.a(cyfitter_cfg.o)
                0x0000000000003cfc                systemTimer
 .text.SetAnalogRoutingPumps
                0x0000000000003d0c       0x1c C:\Users\lucky\.platformio\packages\framework-arduinoasrmicro650x\cores\asr650x\projects\CubeCellLib.a(cyfitter_cfg.o)
                0x0000000000003d0c                SetAnalogRoutingPumps
 .text._ZN6BME28013writeRegisterEhh
                0x0000000000003d28       0x2c .pio\build\cubecell_board\lib80b\libGrove - Barometer Sensor BME280.a(Seeed_BME280.cpp.o)
                0x0000000000003d28                BME280::writeRegister(unsigned char, unsigned char)
 .text._ZN6BME28011BME280Read8Eh
                0x0000000000003d54       0x40 .pio\build\cubecell_board\lib80b\libGrove - Barometer Sensor BME280.a(Seeed_BME280.cpp.o)
                0x0000000000003d54                BME280::BME280Read8(unsigned char)
 .text._ZN6BME28012BME280Read16Eh
                0x0000000000003d94       0x4c .pio\build\cubecell_board\lib80b\libGrove - Barometer Sensor BME280.a(Seeed_BME280.cpp.o)
                0x0000000000003d94                BME280::BME280Read16(unsigned char)
 .text._ZN6BME28014BME280Read16LEEh
                0x0000000000003de0        0xc .pio\build\cubecell_board\lib80b\libGrove - Barometer Sensor BME280.a(Seeed_BME280.cpp.o)
                0x0000000000003de0                BME280::BME280Read16LE(unsigned char)
 .text._ZN6BME2804initEv
                0x0000000000003dec      0x118 .pio\build\cubecell_board\lib80b\libGrove - Barometer Sensor BME280.a(Seeed_BME280.cpp.o)
                0x0000000000003dec                BME280::init()
 .text._ZN6BME28012BME280Read24Eh
                0x0000000000003f04       0x50 .pio\build\cubecell_board\lib80b\libGrove - Barometer Sensor BME280.a(Seeed_BME280.cpp.o)
                0x0000000000003f04                BME280::BME280Read24(unsigned char)
 .text._ZN6BME28014getTemperatureEv
                0x0000000000003f54       0x48 .pio\build\cubecell_board\lib80b\libGrove - Barometer Sensor BME280.a(Seeed_BME280.cpp.o)
                0x0000000000003f54                BME280::getTemperature()
 .text._ZN6BME28011getHumidityEv
                0x0000000000003f9c       0x9c .pio\build\cubecell_board\lib80b\libGrove - Barometer Sensor BME280.a(Seeed_BME280.cpp.o)
                0x0000000000003f9c                BME280::getHumidity()
 .text._ZN6BME28011getPressureEv
                0x0000000000004038      0x17c .pio\build\cubecell_board\lib80b\libGrove - Barometer Sensor BME280.a(Seeed_BME280.cpp.o)
                0x0000000000004038                BME280::getPressure()
 .text._ZL11McpsConfirmP12sMcpsConfirm
                0x00000000000041b4        0xc .pio\build\cubecell_board\lib7e3\libLoRa.a(LoRaWan_APP.cpp.o)
 .text._ZL24OnTxNextPacketTimerEventv
                0x00000000000041c0       0x68 .pio\build\cubecell_board\lib7e3\libLoRa.a(LoRaWan_APP.cpp.o)
 .text._ZL14MlmeIndicationP15sMlmeIndication
                0x0000000000004228        0xe .pio\build\cubecell_board\lib7e3\libLoRa.a(LoRaWan_APP.cpp.o)
 *fill*         0x0000000000004236        0x2 
 .text.turnOnRGB
                0x0000000000004238       0x50 .pio\build\cubecell_board\lib7e3\libLoRa.a(LoRaWan_APP.cpp.o)
                0x0000000000004238                turnOnRGB
 .text.turnOffRGB
                0x0000000000004288       0x14 .pio\build\cubecell_board\lib7e3\libLoRa.a(LoRaWan_APP.cpp.o)
                0x0000000000004288                turnOffRGB
 .text.getBatteryVoltage
                0x000000000000429c       0x28 .pio\build\cubecell_board\lib7e3\libLoRa.a(LoRaWan_APP.cpp.o)
                0x000000000000429c                getBatteryVoltage
 .text.BoardGetBatteryLevel
                0x00000000000042c4       0x7c .pio\build\cubecell_board\lib7e3\libLoRa.a(LoRaWan_APP.cpp.o)
                0x00000000000042c4                BoardGetBatteryLevel
 .text.downLinkDataHandle
                0x0000000000004340       0x5c .pio\build\cubecell_board\lib7e3\libLoRa.a(LoRaWan_APP.cpp.o)
                0x0000000000004340                downLinkDataHandle
 .text._ZL14McpsIndicationP15sMcpsIndication
                0x000000000000439c       0x84 .pio\build\cubecell_board\lib7e3\libLoRa.a(LoRaWan_APP.cpp.o)
 .text.dev_time_updated
                0x0000000000004420       0x10 .pio\build\cubecell_board\lib7e3\libLoRa.a(LoRaWan_APP.cpp.o)
                0x0000000000004420                dev_time_updated
 .text._ZL11MlmeConfirmP12sMlmeConfirm
                0x0000000000004430       0x7c .pio\build\cubecell_board\lib7e3\libLoRa.a(LoRaWan_APP.cpp.o)
 .text.lwan_dev_params_update
                0x00000000000044ac       0xa0 .pio\build\cubecell_board\lib7e3\libLoRa.a(LoRaWan_APP.cpp.o)
                0x00000000000044ac                lwan_dev_params_update
 .text.SendFrame
                0x000000000000454c       0xa8 .pio\build\cubecell_board\lib7e3\libLoRa.a(LoRaWan_APP.cpp.o)
                0x000000000000454c                SendFrame
 .text._ZN12LoRaWanClass4initE12eDeviceClass16eLoRaMacRegion_t
                0x00000000000045f4      0x144 .pio\build\cubecell_board\lib7e3\libLoRa.a(LoRaWan_APP.cpp.o)
                0x00000000000045f4                LoRaWanClass::init(eDeviceClass, eLoRaMacRegion_t)
 .text._ZN12LoRaWanClass4joinEv
                0x0000000000004738       0xb0 .pio\build\cubecell_board\lib7e3\libLoRa.a(LoRaWan_APP.cpp.o)
                0x0000000000004738                LoRaWanClass::join()
 .text._ZN12LoRaWanClass4sendEv
                0x00000000000047e8       0x3c .pio\build\cubecell_board\lib7e3\libLoRa.a(LoRaWan_APP.cpp.o)
                0x00000000000047e8                LoRaWanClass::send()
 .text._ZN12LoRaWanClass5cycleEm
                0x0000000000004824       0x18 .pio\build\cubecell_board\lib7e3\libLoRa.a(LoRaWan_APP.cpp.o)
                0x0000000000004824                LoRaWanClass::cycle(unsigned long)
 .text._ZN12LoRaWanClass5sleepEv
                0x000000000000483c       0x14 .pio\build\cubecell_board\lib7e3\libLoRa.a(LoRaWan_APP.cpp.o)
                0x000000000000483c                LoRaWanClass::sleep()
 .text._ZN12LoRaWanClass10ifskipjoinEv
                0x0000000000004850      0x108 .pio\build\cubecell_board\lib7e3\libLoRa.a(LoRaWan_APP.cpp.o)
                0x0000000000004850                LoRaWanClass::ifskipjoin()
 .text.startup._GLOBAL__sub_I_pixels
                0x0000000000004958       0x2c .pio\build\cubecell_board\lib7e3\libLoRa.a(LoRaWan_APP.cpp.o)
 .text._ZN6Stream9readBytesEPhj
                0x0000000000004984        0xa .pio\build\cubecell_board\libFrameworkArduino.a(HardwareSerial.cpp.o)
                0x0000000000004984                Stream::readBytes(unsigned char*, unsigned int)
 .text._ZN14HardwareSerial4peekEv
                0x000000000000498e        0x4 .pio\build\cubecell_board\libFrameworkArduino.a(HardwareSerial.cpp.o)
                0x000000000000498e                HardwareSerial::peek()
 .text._ZN14HardwareSerialD2Ev
                0x0000000000004992        0x2 .pio\build\cubecell_board\libFrameworkArduino.a(HardwareSerial.cpp.o)
                0x0000000000004992                HardwareSerial::~HardwareSerial()
                0x0000000000004992                HardwareSerial::~HardwareSerial()
 .text._ZN14HardwareSerial9availableEv
                0x0000000000004994       0x16 .pio\build\cubecell_board\libFrameworkArduino.a(HardwareSerial.cpp.o)
                0x0000000000004994                HardwareSerial::available()
 .text._ZN14HardwareSerial4readEv
                0x00000000000049aa       0x26 .pio\build\cubecell_board\libFrameworkArduino.a(HardwareSerial.cpp.o)
                0x00000000000049aa                HardwareSerial::read()
 .text._ZN14HardwareSerial5writeEh
                0x00000000000049d0       0x1a .pio\build\cubecell_board\libFrameworkArduino.a(HardwareSerial.cpp.o)
                0x00000000000049d0                HardwareSerial::write(unsigned char)
 .text._ZN14HardwareSerial5writeEPKhj
                0x00000000000049ea       0x28 .pio\build\cubecell_board\libFrameworkArduino.a(HardwareSerial.cpp.o)
                0x00000000000049ea                HardwareSerial::write(unsigned char const*, unsigned int)
 .text._ZN14HardwareSerialD0Ev
                0x0000000000004a12        0xe .pio\build\cubecell_board\libFrameworkArduino.a(HardwareSerial.cpp.o)
                0x0000000000004a12                HardwareSerial::~HardwareSerial()
 .text._ZN14HardwareSerial5flushEv
                0x0000000000004a20       0x2c .pio\build\cubecell_board\libFrameworkArduino.a(HardwareSerial.cpp.o)
                0x0000000000004a20                HardwareSerial::flush()
 .text._ZN14HardwareSerial5beginEmmabm
                0x0000000000004a4c      0x124 .pio\build\cubecell_board\libFrameworkArduino.a(HardwareSerial.cpp.o)
                0x0000000000004a4c                HardwareSerial::begin(unsigned long, unsigned long, signed char, bool, unsigned long)
 .text.startup._GLOBAL__sub_I_Serial
                0x0000000000004b70       0x5c .pio\build\cubecell_board\libFrameworkArduino.a(HardwareSerial.cpp.o)
 .text._ZN7TwoWireD2Ev
                0x0000000000004bcc        0x2 .pio\build\cubecell_board\libFrameworkArduino.a(Wire.cpp.o)
                0x0000000000004bcc                TwoWire::~TwoWire()
                0x0000000000004bcc                TwoWire::~TwoWire()
 .text._ZN7TwoWire5writeEPKhj
                0x0000000000004bce       0x24 .pio\build\cubecell_board\libFrameworkArduino.a(Wire.cpp.o)
                0x0000000000004bce                TwoWire::write(unsigned char const*, unsigned int)
 .text._ZN7TwoWire9availableEv
                0x0000000000004bf2        0xe .pio\build\cubecell_board\libFrameworkArduino.a(Wire.cpp.o)
                0x0000000000004bf2                TwoWire::available()
 .text._ZN7TwoWire4readEv
                0x0000000000004c00       0x20 .pio\build\cubecell_board\libFrameworkArduino.a(Wire.cpp.o)
                0x0000000000004c00                TwoWire::read()
 .text._ZN7TwoWire4peekEv
                0x0000000000004c20       0x1c .pio\build\cubecell_board\libFrameworkArduino.a(Wire.cpp.o)
                0x0000000000004c20                TwoWire::peek()
 .text._ZN7TwoWireD0Ev
                0x0000000000004c3c       0x10 .pio\build\cubecell_board\libFrameworkArduino.a(Wire.cpp.o)
                0x0000000000004c3c                TwoWire::~TwoWire()
 .text._ZN7TwoWire5writeEh
                0x0000000000004c4c       0x40 .pio\build\cubecell_board\libFrameworkArduino.a(Wire.cpp.o)
                0x0000000000004c4c                TwoWire::write(unsigned char)
 .text._ZN7TwoWire5flushEv
                0x0000000000004c8c       0x78 .pio\build\cubecell_board\libFrameworkArduino.a(Wire.cpp.o)
                0x0000000000004c8c                TwoWire::flush()
 .text._ZN7TwoWireC2Ea
                0x0000000000004d04       0x3c .pio\build\cubecell_board\libFrameworkArduino.a(Wire.cpp.o)
                0x0000000000004d04                TwoWire::TwoWire(signed char)
                0x0000000000004d04                TwoWire::TwoWire(signed char)
 .text._ZN7TwoWire5beginEma
                0x0000000000004d40       0x6c .pio\build\cubecell_board\libFrameworkArduino.a(Wire.cpp.o)
                0x0000000000004d40                TwoWire::begin(unsigned long, signed char)
 .text._ZN7TwoWire3endEv
                0x0000000000004dac       0x16 .pio\build\cubecell_board\libFrameworkArduino.a(Wire.cpp.o)
                0x0000000000004dac                TwoWire::end()
 .text._ZN7TwoWire17writeTransmissionEtPhtb
                0x0000000000004dc2       0xc0 .pio\build\cubecell_board\libFrameworkArduino.a(Wire.cpp.o)
                0x0000000000004dc2                TwoWire::writeTransmission(unsigned short, unsigned char*, unsigned short, bool)
 .text._ZN7TwoWire16readTransmissionEtPhtbPm
                0x0000000000004e82       0xd2 .pio\build\cubecell_board\libFrameworkArduino.a(Wire.cpp.o)
                0x0000000000004e82                TwoWire::readTransmission(unsigned short, unsigned char*, unsigned short, bool, unsigned long*)
 .text._ZN7TwoWire15endTransmissionEb
                0x0000000000004f54       0x68 .pio\build\cubecell_board\libFrameworkArduino.a(Wire.cpp.o)
                0x0000000000004f54                TwoWire::endTransmission(bool)
 .text._ZN7TwoWire11requestFromEthb
                0x0000000000004fbc       0x74 .pio\build\cubecell_board\libFrameworkArduino.a(Wire.cpp.o)
                0x0000000000004fbc                TwoWire::requestFrom(unsigned short, unsigned char, bool)
 .text._ZN7TwoWire11requestFromEii
                0x0000000000005030        0xe .pio\build\cubecell_board\libFrameworkArduino.a(Wire.cpp.o)
                0x0000000000005030                TwoWire::requestFrom(int, int)
 .text._ZN7TwoWire17beginTransmissionEi
                0x000000000000503e       0x12 .pio\build\cubecell_board\libFrameworkArduino.a(Wire.cpp.o)
                0x000000000000503e                TwoWire::beginTransmission(int)
 .text._ZN7TwoWire15endTransmissionEv
                0x0000000000005050        0xa .pio\build\cubecell_board\libFrameworkArduino.a(Wire.cpp.o)
                0x0000000000005050                TwoWire::endTransmission()
 *fill*         0x000000000000505a        0x2 
 .text.startup._GLOBAL__sub_I__ZN7TwoWireC2Ea
                0x000000000000505c       0x40 .pio\build\cubecell_board\libFrameworkArduino.a(Wire.cpp.o)
 .text.SX126xIoInit
                0x000000000000509c       0x44 .pio\build\cubecell_board\libFrameworkArduino.a(asr_board.c.o)
                0x000000000000509c                SX126xIoInit
 .text.SX126xIoIrqInit
                0x00000000000050e0       0x14 .pio\build\cubecell_board\libFrameworkArduino.a(asr_board.c.o)
                0x00000000000050e0                SX126xIoIrqInit
 .text.SX126xGetBoardTcxoWakeupTime
                0x00000000000050f4        0x4 .pio\build\cubecell_board\libFrameworkArduino.a(asr_board.c.o)
                0x00000000000050f4                SX126xGetBoardTcxoWakeupTime
 .text.SX126xReset
                0x00000000000050f8       0x50 .pio\build\cubecell_board\libFrameworkArduino.a(asr_board.c.o)
                0x00000000000050f8                SX126xReset
 .text.SX126xWaitOnBusy
                0x0000000000005148       0x14 .pio\build\cubecell_board\libFrameworkArduino.a(asr_board.c.o)
                0x0000000000005148                SX126xWaitOnBusy
 .text.SX126xWakeup
                0x000000000000515c       0x38 .pio\build\cubecell_board\libFrameworkArduino.a(asr_board.c.o)
                0x000000000000515c                SX126xWakeup
 .text.SX126xWriteCommand
                0x0000000000005194       0x50 .pio\build\cubecell_board\libFrameworkArduino.a(asr_board.c.o)
                0x0000000000005194                SX126xWriteCommand
 .text.SX126xReadCommand
                0x00000000000051e4       0x54 .pio\build\cubecell_board\libFrameworkArduino.a(asr_board.c.o)
                0x00000000000051e4                SX126xReadCommand
 .text.SX126xWriteRegisters
                0x0000000000005238       0x5c .pio\build\cubecell_board\libFrameworkArduino.a(asr_board.c.o)
                0x0000000000005238                SX126xWriteRegisters
 .text.SX126xWriteRegister
                0x0000000000005294       0x12 .pio\build\cubecell_board\libFrameworkArduino.a(asr_board.c.o)
                0x0000000000005294                SX126xWriteRegister
 *fill*         0x00000000000052a6        0x2 
 .text.SX126xReadRegisters
                0x00000000000052a8       0x64 .pio\build\cubecell_board\libFrameworkArduino.a(asr_board.c.o)
                0x00000000000052a8                SX126xReadRegisters
 .text.SX126xReadRegister
                0x000000000000530c       0x12 .pio\build\cubecell_board\libFrameworkArduino.a(asr_board.c.o)
                0x000000000000530c                SX126xReadRegister
 *fill*         0x000000000000531e        0x2 
 .text.SX126xWriteBuffer
                0x0000000000005320       0x54 .pio\build\cubecell_board\libFrameworkArduino.a(asr_board.c.o)
                0x0000000000005320                SX126xWriteBuffer
 .text.SX126xReadBuffer
                0x0000000000005374       0x5c .pio\build\cubecell_board\libFrameworkArduino.a(asr_board.c.o)
                0x0000000000005374                SX126xReadBuffer
 .text.SX126xSetRfTxPower
                0x00000000000053d0        0xa .pio\build\cubecell_board\libFrameworkArduino.a(asr_board.c.o)
                0x00000000000053d0                SX126xSetRfTxPower
 .text.SX126xGetPaSelect
                0x00000000000053da        0x4 .pio\build\cubecell_board\libFrameworkArduino.a(asr_board.c.o)
                0x00000000000053da                SX126xGetPaSelect
 .text.SX126xAntSwOn
                0x00000000000053de        0x2 .pio\build\cubecell_board\libFrameworkArduino.a(asr_board.c.o)
                0x00000000000053de                SX126xAntSwOn
 .text.SX126xAntSwOff
                0x00000000000053e0        0x2 .pio\build\cubecell_board\libFrameworkArduino.a(asr_board.c.o)
                0x00000000000053e0                SX126xAntSwOff
 .text.BoardDisableIrq
                0x00000000000053e2        0x4 .pio\build\cubecell_board\libFrameworkArduino.a(asr_board.c.o)
                0x00000000000053e2                BoardDisableIrq
 .text.BoardEnableIrq
                0x00000000000053e6        0x4 .pio\build\cubecell_board\libFrameworkArduino.a(asr_board.c.o)
                0x00000000000053e6                BoardEnableIrq
 *fill*         0x00000000000053ea        0x2 
 .text.boardInitMcu
                0x00000000000053ec       0x4c .pio\build\cubecell_board\libFrameworkArduino.a(asr_board.c.o)
                0x00000000000053ec                boardInitMcu
 .text.HW_Get_MFT_ID
                0x0000000000005438        0x8 .pio\build\cubecell_board\libFrameworkArduino.a(asr_board.c.o)
                0x0000000000005438                HW_Get_MFT_ID
 .text.HW_Get_MFT_Model
                0x0000000000005440        0x8 .pio\build\cubecell_board\libFrameworkArduino.a(asr_board.c.o)
                0x0000000000005440                HW_Get_MFT_Model
 .text.HW_Get_MFT_Rev
                0x0000000000005448        0x8 .pio\build\cubecell_board\libFrameworkArduino.a(asr_board.c.o)
                0x0000000000005448                HW_Get_MFT_Rev
 .text.HW_Get_MFT_SN
                0x0000000000005450       0x24 .pio\build\cubecell_board\libFrameworkArduino.a(asr_board.c.o)
                0x0000000000005450                HW_Get_MFT_SN
 .text.HW_Set_MFT_Baud
                0x0000000000005474       0x64 .pio\build\cubecell_board\libFrameworkArduino.a(asr_board.c.o)
                0x0000000000005474                HW_Set_MFT_Baud
 .text.HW_Get_MFT_Baud
                0x00000000000054d8        0xc .pio\build\cubecell_board\libFrameworkArduino.a(asr_board.c.o)
                0x00000000000054d8                HW_Get_MFT_Baud
 .text.GpioInit
                0x00000000000054e4       0x12 .pio\build\cubecell_board\libFrameworkArduino.a(gpio.c.o)
                0x00000000000054e4                GpioInit
 .text.GpioSetInterrupt
                0x00000000000054f6        0x8 .pio\build\cubecell_board\libFrameworkArduino.a(gpio.c.o)
                0x00000000000054f6                GpioSetInterrupt
 .text.GpioWrite
                0x00000000000054fe        0x8 .pio\build\cubecell_board\libFrameworkArduino.a(gpio.c.o)
                0x00000000000054fe                GpioWrite
 .text.GpioRead
                0x0000000000005506        0x8 .pio\build\cubecell_board\libFrameworkArduino.a(gpio.c.o)
                0x0000000000005506                GpioRead
 .text.SpiInit  0x000000000000550e        0x8 .pio\build\cubecell_board\libFrameworkArduino.a(spi-board.c.o)
                0x000000000000550e                SpiInit
 *fill*         0x0000000000005516        0x2 
 .text.SpiInOut
                0x0000000000005518       0x34 .pio\build\cubecell_board\libFrameworkArduino.a(spi-board.c.o)
                0x0000000000005518                SpiInOut
 .text.ADC_SAR_Seq_Init
                0x000000000000554c       0xd8 .pio\build\cubecell_board\libFrameworkArduino.a(ADC_SAR_Seq.c.o)
                0x000000000000554c                ADC_SAR_Seq_Init
 .text.ADC_SAR_Seq_Enable
                0x0000000000005624       0x2c .pio\build\cubecell_board\libFrameworkArduino.a(ADC_SAR_Seq.c.o)
                0x0000000000005624                ADC_SAR_Seq_Enable
 .text.ADC_SAR_Seq_Start
                0x0000000000005650       0x1c .pio\build\cubecell_board\libFrameworkArduino.a(ADC_SAR_Seq.c.o)
                0x0000000000005650                ADC_SAR_Seq_Start
 .text.ADC_SAR_Seq_Stop
                0x000000000000566c       0x10 .pio\build\cubecell_board\libFrameworkArduino.a(ADC_SAR_Seq.c.o)
                0x000000000000566c                ADC_SAR_Seq_Stop
 .text.ADC_SAR_Seq_StartConvert
                0x000000000000567c        0xc .pio\build\cubecell_board\libFrameworkArduino.a(ADC_SAR_Seq.c.o)
                0x000000000000567c                ADC_SAR_Seq_StartConvert
 .text.ADC_SAR_Seq_StopConvert
                0x0000000000005688        0x2 .pio\build\cubecell_board\libFrameworkArduino.a(ADC_SAR_Seq.c.o)
                0x0000000000005688                ADC_SAR_Seq_StopConvert
 *fill*         0x000000000000568a        0x2 
 .text.ADC_SAR_Seq_IsEndConversion
                0x000000000000568c       0x2c .pio\build\cubecell_board\libFrameworkArduino.a(ADC_SAR_Seq.c.o)
                0x000000000000568c                ADC_SAR_Seq_IsEndConversion
 .text.ADC_SAR_Seq_GetResult16
                0x00000000000056b8       0x20 .pio\build\cubecell_board\libFrameworkArduino.a(ADC_SAR_Seq.c.o)
                0x00000000000056b8                ADC_SAR_Seq_GetResult16
 .text.ADC_SAR_Seq_CountsTo_mVolts
                0x00000000000056d8       0x50 .pio\build\cubecell_board\libFrameworkArduino.a(ADC_SAR_Seq.c.o)
                0x00000000000056d8                ADC_SAR_Seq_CountsTo_mVolts
 .text.ADC_SAR_Seq_ISR
                0x0000000000005728        0xc .pio\build\cubecell_board\libFrameworkArduino.a(ADC_SAR_Seq_INT.c.o)
                0x0000000000005728                ADC_SAR_Seq_ISR
 .text.I2C_1_I2CMasterHandleStatus
                0x0000000000005734       0x94 .pio\build\cubecell_board\libFrameworkArduino.a(I2C_1_I2C_MASTER.c.o)
 .text.I2C_1_I2CMasterWaitOneUnit
                0x00000000000057c8       0x24 .pio\build\cubecell_board\libFrameworkArduino.a(I2C_1_I2C_MASTER.c.o)
 .text.I2C_1_I2CMasterSendStart
                0x00000000000057ec       0xbc .pio\build\cubecell_board\libFrameworkArduino.a(I2C_1_I2C_MASTER.c.o)
                0x00000000000057ec                I2C_1_I2CMasterSendStart
 .text.I2C_1_I2CMasterSendStop
                0x00000000000058a8       0x54 .pio\build\cubecell_board\libFrameworkArduino.a(I2C_1_I2C_MASTER.c.o)
                0x00000000000058a8                I2C_1_I2CMasterSendStop
 .text.I2C_1_I2CMasterWriteByte
                0x00000000000058fc       0x44 .pio\build\cubecell_board\libFrameworkArduino.a(I2C_1_I2C_MASTER.c.o)
                0x00000000000058fc                I2C_1_I2CMasterWriteByte
 .text.I2C_1_I2CMasterReadByte
                0x0000000000005940       0x78 .pio\build\cubecell_board\libFrameworkArduino.a(I2C_1_I2C_MASTER.c.o)
                0x0000000000005940                I2C_1_I2CMasterReadByte
 .text.I2C_1_I2CMasterClearReadBuf
                0x00000000000059b8       0x24 .pio\build\cubecell_board\libFrameworkArduino.a(I2C_1_I2C_MASTER.c.o)
                0x00000000000059b8                I2C_1_I2CMasterClearReadBuf
 .text.I2C_1_I2CMasterClearWriteBuf
                0x00000000000059dc       0x24 .pio\build\cubecell_board\libFrameworkArduino.a(I2C_1_I2C_MASTER.c.o)
                0x00000000000059dc                I2C_1_I2CMasterClearWriteBuf
 .text.I2C_1_I2CMasterClearStatus
                0x0000000000005a00       0x20 .pio\build\cubecell_board\libFrameworkArduino.a(I2C_1_I2C_MASTER.c.o)
                0x0000000000005a00                I2C_1_I2CMasterClearStatus
 .text.I2C_1_I2CReStartGeneration
                0x0000000000005a20       0x24 .pio\build\cubecell_board\libFrameworkArduino.a(I2C_1_I2C_MASTER.c.o)
                0x0000000000005a20                I2C_1_I2CReStartGeneration
 .text.I2C_1_I2CMasterSendRestart
                0x0000000000005a44       0x60 .pio\build\cubecell_board\libFrameworkArduino.a(I2C_1_I2C_MASTER.c.o)
                0x0000000000005a44                I2C_1_I2CMasterSendRestart
 .text.I2C_I2CMasterHandleStatus
                0x0000000000005aa4       0x94 .pio\build\cubecell_board\libFrameworkArduino.a(I2C_I2C_MASTER.c.o)
 .text.I2C_I2CMasterWaitOneUnit
                0x0000000000005b38       0x24 .pio\build\cubecell_board\libFrameworkArduino.a(I2C_I2C_MASTER.c.o)
 .text.I2C_I2CMasterSendStart
                0x0000000000005b5c       0xbc .pio\build\cubecell_board\libFrameworkArduino.a(I2C_I2C_MASTER.c.o)
                0x0000000000005b5c                I2C_I2CMasterSendStart
 .text.I2C_I2CMasterSendStop
                0x0000000000005c18       0x54 .pio\build\cubecell_board\libFrameworkArduino.a(I2C_I2C_MASTER.c.o)
                0x0000000000005c18                I2C_I2CMasterSendStop
 .text.I2C_I2CMasterWriteByte
                0x0000000000005c6c       0x44 .pio\build\cubecell_board\libFrameworkArduino.a(I2C_I2C_MASTER.c.o)
                0x0000000000005c6c                I2C_I2CMasterWriteByte
 .text.I2C_I2CMasterReadByte
                0x0000000000005cb0       0x78 .pio\build\cubecell_board\libFrameworkArduino.a(I2C_I2C_MASTER.c.o)
                0x0000000000005cb0                I2C_I2CMasterReadByte
 .text.I2C_I2CMasterClearReadBuf
                0x0000000000005d28       0x24 .pio\build\cubecell_board\libFrameworkArduino.a(I2C_I2C_MASTER.c.o)
                0x0000000000005d28                I2C_I2CMasterClearReadBuf
 .text.I2C_I2CMasterClearWriteBuf
                0x0000000000005d4c       0x24 .pio\build\cubecell_board\libFrameworkArduino.a(I2C_I2C_MASTER.c.o)
                0x0000000000005d4c                I2C_I2CMasterClearWriteBuf
 .text.I2C_I2CMasterClearStatus
                0x0000000000005d70       0x20 .pio\build\cubecell_board\libFrameworkArduino.a(I2C_I2C_MASTER.c.o)
                0x0000000000005d70                I2C_I2CMasterClearStatus
 .text.I2C_I2CReStartGeneration
                0x0000000000005d90       0x24 .pio\build\cubecell_board\libFrameworkArduino.a(I2C_I2C_MASTER.c.o)
                0x0000000000005d90                I2C_I2CReStartGeneration
 .text.I2C_I2CMasterSendRestart
                0x0000000000005db4       0x60 .pio\build\cubecell_board\libFrameworkArduino.a(I2C_I2C_MASTER.c.o)
                0x0000000000005db4                I2C_I2CMasterSendRestart
 .text.PWM1_Stop
                0x0000000000005e14       0x34 .pio\build\cubecell_board\libFrameworkArduino.a(PWM1.c.o)
                0x0000000000005e14                PWM1_Stop
 .text.PWM2_Stop
                0x0000000000005e48       0x34 .pio\build\cubecell_board\libFrameworkArduino.a(PWM2.c.o)
                0x0000000000005e48                PWM2_Stop
 .text._ZN5Print5writeEPKc
                0x0000000000005e7c       0x1c .pio\build\cubecell_board\libFrameworkArduino.a(Print.cpp.o)
                0x0000000000005e7c                Print::write(char const*)
 .text._ZN5Print6printfEPKcz
                0x0000000000005e98       0x5a .pio\build\cubecell_board\libFrameworkArduino.a(Print.cpp.o)
                0x0000000000005e98                Print::printf(char const*, ...)
 .text._ZN5Print5printEPKc
                0x0000000000005ef2        0x8 .pio\build\cubecell_board\libFrameworkArduino.a(Print.cpp.o)
                0x0000000000005ef2                Print::print(char const*)
 .text._ZN5Print5printEc
                0x0000000000005efa        0xa .pio\build\cubecell_board\libFrameworkArduino.a(Print.cpp.o)
                0x0000000000005efa                Print::print(char)
 .text._ZN5Print7printlnEv
                0x0000000000005f04       0x10 .pio\build\cubecell_board\libFrameworkArduino.a(Print.cpp.o)
                0x0000000000005f04                Print::println()
 .text._ZN5Print7printlnEPKc
                0x0000000000005f14       0x14 .pio\build\cubecell_board\libFrameworkArduino.a(Print.cpp.o)
                0x0000000000005f14                Print::println(char const*)
 .text._ZN5Print11printNumberEmh
                0x0000000000005f28       0x4e .pio\build\cubecell_board\libFrameworkArduino.a(Print.cpp.o)
                0x0000000000005f28                Print::printNumber(unsigned long, unsigned char)
 .text._ZN5Print5printEli
                0x0000000000005f76       0x3e .pio\build\cubecell_board\libFrameworkArduino.a(Print.cpp.o)
                0x0000000000005f76                Print::print(long, int)
 .text._ZN5Print5printEii
                0x0000000000005fb4        0x8 .pio\build\cubecell_board\libFrameworkArduino.a(Print.cpp.o)
                0x0000000000005fb4                Print::print(int, int)
 .text._ZN6Stream9timedReadEv
                0x0000000000005fbc       0x2a .pio\build\cubecell_board\libFrameworkArduino.a(Stream.cpp.o)
                0x0000000000005fbc                Stream::timedRead()
 .text._ZN6Stream9readBytesEPcj
                0x0000000000005fe6       0x22 .pio\build\cubecell_board\libFrameworkArduino.a(Stream.cpp.o)
                0x0000000000005fe6                Stream::readBytes(char*, unsigned int)
 .text._ZN6Stream10readStringEv
                0x0000000000006008       0x28 .pio\build\cubecell_board\libFrameworkArduino.a(Stream.cpp.o)
                0x0000000000006008                Stream::readString()
 .text._ZN6String10invalidateEv
                0x0000000000006030       0x18 .pio\build\cubecell_board\libFrameworkArduino.a(WString.cpp.o)
                0x0000000000006030                String::invalidate()
 .text._ZN6String12changeBufferEj
                0x0000000000006048       0x3a .pio\build\cubecell_board\libFrameworkArduino.a(WString.cpp.o)
                0x0000000000006048                String::changeBuffer(unsigned int)
 .text._ZN6String7reserveEj
                0x0000000000006082       0x2a .pio\build\cubecell_board\libFrameworkArduino.a(WString.cpp.o)
                0x0000000000006082                String::reserve(unsigned int)
 .text._ZN6String4copyEPKcj
                0x00000000000060ac       0x28 .pio\build\cubecell_board\libFrameworkArduino.a(WString.cpp.o)
                0x00000000000060ac                String::copy(char const*, unsigned int)
 .text._ZN6StringC2EPKc
                0x00000000000060d4       0x26 .pio\build\cubecell_board\libFrameworkArduino.a(WString.cpp.o)
                0x00000000000060d4                String::String(char const*)
                0x00000000000060d4                String::String(char const*)
 .text._ZN6String6concatEPKcj
                0x00000000000060fa       0x32 .pio\build\cubecell_board\libFrameworkArduino.a(WString.cpp.o)
                0x00000000000060fa                String::concat(char const*, unsigned int)
 .text._ZN6String6concatEc
                0x000000000000612c       0x16 .pio\build\cubecell_board\libFrameworkArduino.a(WString.cpp.o)
                0x000000000000612c                String::concat(char)
 *fill*         0x0000000000006142        0x2 
 .text.global_irq_SetPriority
                0x0000000000006144       0x20 .pio\build\cubecell_board\libFrameworkArduino.a(irq.c.o)
                0x0000000000006144                global_irq_SetPriority
 .text.global_irq_StartEx
                0x0000000000006164       0x24 .pio\build\cubecell_board\libFrameworkArduino.a(irq.c.o)
                0x0000000000006164                global_irq_StartEx
 .text.global_irq_Disable
                0x0000000000006188        0xc .pio\build\cubecell_board\libFrameworkArduino.a(irq.c.o)
                0x0000000000006188                global_irq_Disable
 .text.RadioCheckRfFrequency
                0x0000000000006194        0x4 .pio\build\cubecell_board\libFrameworkArduino.a(radio.c.o)
                0x0000000000006194                RadioCheckRfFrequency
 .text.RadioOnDioIrq
                0x0000000000006198        0xc .pio\build\cubecell_board\libFrameworkArduino.a(radio.c.o)
                0x0000000000006198                RadioOnDioIrq
 .text.RadioStandby
                0x00000000000061a4        0xa .pio\build\cubecell_board\libFrameworkArduino.a(radio.c.o)
                0x00000000000061a4                RadioStandby
 *fill*         0x00000000000061ae        0x2 
 .text.RadioInit
                0x00000000000061b0       0x6c .pio\build\cubecell_board\libFrameworkArduino.a(radio.c.o)
                0x00000000000061b0                RadioInit
 .text.RadioGetStatus
                0x000000000000621c       0x1a .pio\build\cubecell_board\libFrameworkArduino.a(radio.c.o)
                0x000000000000621c                RadioGetStatus
 .text.RadioSetChannel
                0x0000000000006236        0x8 .pio\build\cubecell_board\libFrameworkArduino.a(radio.c.o)
                0x0000000000006236                RadioSetChannel
 .text.RadioRssi
                0x000000000000623e        0xa .pio\build\cubecell_board\libFrameworkArduino.a(radio.c.o)
                0x000000000000623e                RadioRssi
 .text.RadioSyncWord
                0x0000000000006248       0x10 .pio\build\cubecell_board\libFrameworkArduino.a(radio.c.o)
                0x0000000000006248                RadioSyncWord
 .text.RadioSend
                0x0000000000006258       0x58 .pio\build\cubecell_board\libFrameworkArduino.a(radio.c.o)
                0x0000000000006258                RadioSend
 .text.RadioSleep
                0x00000000000062b0       0x10 .pio\build\cubecell_board\libFrameworkArduino.a(radio.c.o)
                0x00000000000062b0                RadioSleep
 .text.RadioSetRxDutyCycle
                0x00000000000062c0        0x8 .pio\build\cubecell_board\libFrameworkArduino.a(radio.c.o)
                0x00000000000062c0                RadioSetRxDutyCycle
 .text.RadioStartCad
                0x00000000000062c8       0x64 .pio\build\cubecell_board\libFrameworkArduino.a(radio.c.o)
                0x00000000000062c8                RadioStartCad
 .text.RadioSetTxContinuousWave
                0x000000000000632c       0x44 .pio\build\cubecell_board\libFrameworkArduino.a(radio.c.o)
                0x000000000000632c                RadioSetTxContinuousWave
 .text.RadioWrite
                0x0000000000006370        0x8 .pio\build\cubecell_board\libFrameworkArduino.a(radio.c.o)
                0x0000000000006370                RadioWrite
 .text.RadioRead
                0x0000000000006378        0x8 .pio\build\cubecell_board\libFrameworkArduino.a(radio.c.o)
                0x0000000000006378                RadioRead
 .text.RadioWriteBuffer
                0x0000000000006380        0x8 .pio\build\cubecell_board\libFrameworkArduino.a(radio.c.o)
                0x0000000000006380                RadioWriteBuffer
 .text.RadioReadBuffer
                0x0000000000006388        0x8 .pio\build\cubecell_board\libFrameworkArduino.a(radio.c.o)
                0x0000000000006388                RadioReadBuffer
 .text.RadioGetWakeupTime
                0x0000000000006390        0xa .pio\build\cubecell_board\libFrameworkArduino.a(radio.c.o)
                0x0000000000006390                RadioGetWakeupTime
 *fill*         0x000000000000639a        0x2 
 .text.RadioOnTxTimeoutIrq
                0x000000000000639c       0x20 .pio\build\cubecell_board\libFrameworkArduino.a(radio.c.o)
                0x000000000000639c                RadioOnTxTimeoutIrq
 .text.RadioOnRxTimeoutIrq
                0x00000000000063bc       0x20 .pio\build\cubecell_board\libFrameworkArduino.a(radio.c.o)
                0x00000000000063bc                RadioOnRxTimeoutIrq
 .text.RadioOnCadTimeoutIrq
                0x00000000000063dc       0x20 .pio\build\cubecell_board\libFrameworkArduino.a(radio.c.o)
                0x00000000000063dc                RadioOnCadTimeoutIrq
 .text.RadioGetFskBandwidthRegValue
                0x00000000000063fc       0x34 .pio\build\cubecell_board\libFrameworkArduino.a(radio.c.o)
 .text.RadioSetMaxPayloadLength
                0x0000000000006430       0x38 .pio\build\cubecell_board\libFrameworkArduino.a(radio.c.o)
                0x0000000000006430                RadioSetMaxPayloadLength
 .text.RadioRx  0x0000000000006468       0x54 .pio\build\cubecell_board\libFrameworkArduino.a(radio.c.o)
                0x0000000000006468                RadioRx
 .text.RadioRxBoosted
                0x00000000000064bc       0x48 .pio\build\cubecell_board\libFrameworkArduino.a(radio.c.o)
                0x00000000000064bc                RadioRxBoosted
 .text.RadioIrqProcess
                0x0000000000006504      0x13c .pio\build\cubecell_board\libFrameworkArduino.a(radio.c.o)
                0x0000000000006504                RadioIrqProcess
 .text.RadioSetPublicNetwork
                0x0000000000006640       0x40 .pio\build\cubecell_board\libFrameworkArduino.a(radio.c.o)
                0x0000000000006640                RadioSetPublicNetwork
 .text.RadioSetModem.part.0
                0x0000000000006680       0x20 .pio\build\cubecell_board\libFrameworkArduino.a(radio.c.o)
 .text.RadioSetModem
                0x00000000000066a0       0x20 .pio\build\cubecell_board\libFrameworkArduino.a(radio.c.o)
                0x00000000000066a0                RadioSetModem
 .text.RadioIsChannelFree
                0x00000000000066c0       0x50 .pio\build\cubecell_board\libFrameworkArduino.a(radio.c.o)
                0x00000000000066c0                RadioIsChannelFree
 .text.RadioRandom
                0x0000000000006710       0x38 .pio\build\cubecell_board\libFrameworkArduino.a(radio.c.o)
                0x0000000000006710                RadioRandom
 .text.RadioSymbTime
                0x0000000000006748       0x2c .pio\build\cubecell_board\libFrameworkArduino.a(radio.c.o)
                0x0000000000006748                RadioSymbTime
 .text.RadioSetRxConfig
                0x0000000000006774      0x21c .pio\build\cubecell_board\libFrameworkArduino.a(radio.c.o)
                0x0000000000006774                RadioSetRxConfig
 .text.RadioSetTxConfig
                0x0000000000006990      0x1a0 .pio\build\cubecell_board\libFrameworkArduino.a(radio.c.o)
                0x0000000000006990                RadioSetTxConfig
 .text.RadioTimeOnAir
                0x0000000000006b30      0x198 .pio\build\cubecell_board\libFrameworkArduino.a(radio.c.o)
                0x0000000000006b30                RadioTimeOnAir
 .text.SX126xGetOperatingMode
                0x0000000000006cc8        0xc .pio\build\cubecell_board\libFrameworkArduino.a(sx126x.c.o)
                0x0000000000006cc8                SX126xGetOperatingMode
 .text.SX126xSetOperatingMode
                0x0000000000006cd4        0xc .pio\build\cubecell_board\libFrameworkArduino.a(sx126x.c.o)
                0x0000000000006cd4                SX126xSetOperatingMode
 .text.SX126xCheckDeviceReady
                0x0000000000006ce0       0x24 .pio\build\cubecell_board\libFrameworkArduino.a(sx126x.c.o)
                0x0000000000006ce0                SX126xCheckDeviceReady
 .text.SX126xSetPayload
                0x0000000000006d04        0xe .pio\build\cubecell_board\libFrameworkArduino.a(sx126x.c.o)
                0x0000000000006d04                SX126xSetPayload
 *fill*         0x0000000000006d12        0x2 
 .text.SX126xSetSyncWord
                0x0000000000006d14       0x3c .pio\build\cubecell_board\libFrameworkArduino.a(sx126x.c.o)
                0x0000000000006d14                SX126xSetSyncWord
 .text.SX126xSetCrcSeed
                0x0000000000006d50       0x24 .pio\build\cubecell_board\libFrameworkArduino.a(sx126x.c.o)
                0x0000000000006d50                SX126xSetCrcSeed
 .text.SX126xSetCrcPolynomial
                0x0000000000006d74       0x24 .pio\build\cubecell_board\libFrameworkArduino.a(sx126x.c.o)
                0x0000000000006d74                SX126xSetCrcPolynomial
 .text.SX126xSetWhiteningSeed
                0x0000000000006d98       0x3c .pio\build\cubecell_board\libFrameworkArduino.a(sx126x.c.o)
                0x0000000000006d98                SX126xSetWhiteningSeed
 .text.SX126xSetSleep
                0x0000000000006dd4       0x20 .pio\build\cubecell_board\libFrameworkArduino.a(sx126x.c.o)
                0x0000000000006dd4                SX126xSetSleep
 .text.SX126xSetStandby
                0x0000000000006df4       0x28 .pio\build\cubecell_board\libFrameworkArduino.a(sx126x.c.o)
                0x0000000000006df4                SX126xSetStandby
 .text.SX126xSetTx
                0x0000000000006e1c       0x24 .pio\build\cubecell_board\libFrameworkArduino.a(sx126x.c.o)
                0x0000000000006e1c                SX126xSetTx
 .text.SX126xSendPayload
                0x0000000000006e40       0x10 .pio\build\cubecell_board\libFrameworkArduino.a(sx126x.c.o)
                0x0000000000006e40                SX126xSendPayload
 .text.SX126xSetRx
                0x0000000000006e50       0x24 .pio\build\cubecell_board\libFrameworkArduino.a(sx126x.c.o)
                0x0000000000006e50                SX126xSetRx
 .text.SX126xSetRxBoosted
                0x0000000000006e74       0x30 .pio\build\cubecell_board\libFrameworkArduino.a(sx126x.c.o)
                0x0000000000006e74                SX126xSetRxBoosted
 .text.SX126xSetRxDutyCycle
                0x0000000000006ea4       0x2c .pio\build\cubecell_board\libFrameworkArduino.a(sx126x.c.o)
                0x0000000000006ea4                SX126xSetRxDutyCycle
 .text.SX126xSetCad
                0x0000000000006ed0       0x18 .pio\build\cubecell_board\libFrameworkArduino.a(sx126x.c.o)
                0x0000000000006ed0                SX126xSetCad
 .text.SX126xSetTxContinuousWave
                0x0000000000006ee8        0xe .pio\build\cubecell_board\libFrameworkArduino.a(sx126x.c.o)
                0x0000000000006ee8                SX126xSetTxContinuousWave
 .text.SX126xSetStopRxTimerOnPreambleDetect
                0x0000000000006ef6       0x12 .pio\build\cubecell_board\libFrameworkArduino.a(sx126x.c.o)
                0x0000000000006ef6                SX126xSetStopRxTimerOnPreambleDetect
 .text.SX126xSetLoRaSymbNumTimeout
                0x0000000000006f08       0x12 .pio\build\cubecell_board\libFrameworkArduino.a(sx126x.c.o)
                0x0000000000006f08                SX126xSetLoRaSymbNumTimeout
 .text.SX126xSetRegulatorMode
                0x0000000000006f1a       0x12 .pio\build\cubecell_board\libFrameworkArduino.a(sx126x.c.o)
                0x0000000000006f1a                SX126xSetRegulatorMode
 .text.SX126xCalibrate
                0x0000000000006f2c       0x10 .pio\build\cubecell_board\libFrameworkArduino.a(sx126x.c.o)
                0x0000000000006f2c                SX126xCalibrate
 .text.SX126xCalibrateImage
                0x0000000000006f3c       0x68 .pio\build\cubecell_board\libFrameworkArduino.a(sx126x.c.o)
                0x0000000000006f3c                SX126xCalibrateImage
 .text.SX126xSetPaConfig
                0x0000000000006fa4       0x18 .pio\build\cubecell_board\libFrameworkArduino.a(sx126x.c.o)
                0x0000000000006fa4                SX126xSetPaConfig
 .text.SX126xSetDioIrqParams
                0x0000000000006fbc       0x20 .pio\build\cubecell_board\libFrameworkArduino.a(sx126x.c.o)
                0x0000000000006fbc                SX126xSetDioIrqParams
 .text.SX126xGetIrqStatus
                0x0000000000006fdc       0x1a .pio\build\cubecell_board\libFrameworkArduino.a(sx126x.c.o)
                0x0000000000006fdc                SX126xGetIrqStatus
 .text.SX126xSetDio2AsRfSwitchCtrl
                0x0000000000006ff6       0x12 .pio\build\cubecell_board\libFrameworkArduino.a(sx126x.c.o)
                0x0000000000006ff6                SX126xSetDio2AsRfSwitchCtrl
 .text.SX126xSetDio3AsTcxoCtrl
                0x0000000000007008       0x1e .pio\build\cubecell_board\libFrameworkArduino.a(sx126x.c.o)
                0x0000000000007008                SX126xSetDio3AsTcxoCtrl
 *fill*         0x0000000000007026        0x2 
 .text.SX126xInit
                0x0000000000007028       0x4c .pio\build\cubecell_board\libFrameworkArduino.a(sx126x.c.o)
                0x0000000000007028                SX126xInit
 .text.SX126xSetRfFrequency
                0x0000000000007074       0x40 .pio\build\cubecell_board\libFrameworkArduino.a(sx126x.c.o)
                0x0000000000007074                SX126xSetRfFrequency
 .text.SX126xSetPacketType
                0x00000000000070b4       0x1c .pio\build\cubecell_board\libFrameworkArduino.a(sx126x.c.o)
                0x00000000000070b4                SX126xSetPacketType
 .text.SX126xGetPacketType
                0x00000000000070d0        0xc .pio\build\cubecell_board\libFrameworkArduino.a(sx126x.c.o)
                0x00000000000070d0                SX126xGetPacketType
 .text.SX126xSetTxParams
                0x00000000000070dc       0xb4 .pio\build\cubecell_board\libFrameworkArduino.a(sx126x.c.o)
                0x00000000000070dc                SX126xSetTxParams
 .text.SX126xSetModulationParams
                0x0000000000007190       0xa0 .pio\build\cubecell_board\libFrameworkArduino.a(sx126x.c.o)
                0x0000000000007190                SX126xSetModulationParams
 .text.SX126xSetPacketParams
                0x0000000000007230       0xa8 .pio\build\cubecell_board\libFrameworkArduino.a(sx126x.c.o)
                0x0000000000007230                SX126xSetPacketParams
 .text.SX126xSetCadParams
                0x00000000000072d8       0x30 .pio\build\cubecell_board\libFrameworkArduino.a(sx126x.c.o)
                0x00000000000072d8                SX126xSetCadParams
 .text.SX126xSetBufferBaseAddress
                0x0000000000007308       0x14 .pio\build\cubecell_board\libFrameworkArduino.a(sx126x.c.o)
                0x0000000000007308                SX126xSetBufferBaseAddress
 .text.SX126xGetRssiInst
                0x000000000000731c       0x16 .pio\build\cubecell_board\libFrameworkArduino.a(sx126x.c.o)
                0x000000000000731c                SX126xGetRssiInst
 *fill*         0x0000000000007332        0x2 
 .text.SX126xGetRxBufferStatus
                0x0000000000007334       0x4c .pio\build\cubecell_board\libFrameworkArduino.a(sx126x.c.o)
                0x0000000000007334                SX126xGetRxBufferStatus
 .text.SX126xGetPayload
                0x0000000000007380       0x2c .pio\build\cubecell_board\libFrameworkArduino.a(sx126x.c.o)
                0x0000000000007380                SX126xGetPayload
 .text.SX126xGetPacketStatus
                0x00000000000073ac       0x78 .pio\build\cubecell_board\libFrameworkArduino.a(sx126x.c.o)
                0x00000000000073ac                SX126xGetPacketStatus
 .text.SX126xClearIrqStatus
                0x0000000000007424       0x12 .pio\build\cubecell_board\libFrameworkArduino.a(sx126x.c.o)
                0x0000000000007424                SX126xClearIrqStatus
 *fill*         0x0000000000007436        0x2 
 .text.SetMlmeScheduleUplinkIndication
                0x0000000000007438       0x14 .pio\build\cubecell_board\libFrameworkArduino.a(LoRaMac.c.o)
 .text.AddMacCommand
                0x000000000000744c      0x188 .pio\build\cubecell_board\libFrameworkArduino.a(LoRaMac.c.o)
 .text.ResetMacParameters
                0x00000000000075d4       0x9c .pio\build\cubecell_board\libFrameworkArduino.a(LoRaMac.c.o)
 .text.OnAckTimeoutTimerEvent
                0x0000000000007670       0x44 .pio\build\cubecell_board\libFrameworkArduino.a(LoRaMac.c.o)
 .text.ValidatePayloadLength
                0x00000000000076b4       0x60 .pio\build\cubecell_board\libFrameworkArduino.a(LoRaMac.c.o)
 .text.PrepareRxDoneAbort
                0x0000000000007714       0x40 .pio\build\cubecell_board\libFrameworkArduino.a(LoRaMac.c.o)
 .text.ProcessMacCommands
                0x0000000000007754      0x428 .pio\build\cubecell_board\libFrameworkArduino.a(LoRaMac.c.o)
 .text.OnRadioRxDone
                0x0000000000007b7c      0x5e0 .pio\build\cubecell_board\libFrameworkArduino.a(LoRaMac.c.o)
                0x0000000000007b7c                OnRadioRxDone
 .text.RxWindowSetup
                0x000000000000815c       0x18 .pio\build\cubecell_board\libFrameworkArduino.a(LoRaMac.c.o)
 .text.OnRxWindow2TimerEvent
                0x0000000000008174       0x8c .pio\build\cubecell_board\libFrameworkArduino.a(LoRaMac.c.o)
 .text.OpenContinuousRx2Window
                0x0000000000008200       0x14 .pio\build\cubecell_board\libFrameworkArduino.a(LoRaMac.c.o)
 .text.OnRadioRxTimeout
                0x0000000000008214       0xfc .pio\build\cubecell_board\libFrameworkArduino.a(LoRaMac.c.o)
 .text.OnRadioTxTimeout
                0x0000000000008310       0x48 .pio\build\cubecell_board\libFrameworkArduino.a(LoRaMac.c.o)
 .text.OnRadioRxError
                0x0000000000008358       0xf8 .pio\build\cubecell_board\libFrameworkArduino.a(LoRaMac.c.o)
 .text.OnRadioTxDone
                0x0000000000008450      0x150 .pio\build\cubecell_board\libFrameworkArduino.a(LoRaMac.c.o)
 .text.OnRxWindow1TimerEvent
                0x00000000000085a0       0x88 .pio\build\cubecell_board\libFrameworkArduino.a(LoRaMac.c.o)
 .text.PrepareFrame
                0x0000000000008628      0x344 .pio\build\cubecell_board\libFrameworkArduino.a(LoRaMac.c.o)
                0x0000000000008628                PrepareFrame
 .text.SendFrameOnChannel
                0x000000000000896c      0x124 .pio\build\cubecell_board\libFrameworkArduino.a(LoRaMac.c.o)
                0x000000000000896c                SendFrameOnChannel
 .text.ScheduleTx
                0x0000000000008a90      0x1c4 .pio\build\cubecell_board\libFrameworkArduino.a(LoRaMac.c.o)
 .text.Send     0x0000000000008c54       0x4c .pio\build\cubecell_board\libFrameworkArduino.a(LoRaMac.c.o)
                0x0000000000008c54                Send
 .text.OnTxDelayedTimerEvent
                0x0000000000008ca0       0x74 .pio\build\cubecell_board\libFrameworkArduino.a(LoRaMac.c.o)
 .text.OnMacStateCheckTimerEvent
                0x0000000000008d14      0x324 .pio\build\cubecell_board\libFrameworkArduino.a(LoRaMac.c.o)
 .text.SetTxContinuousWave
                0x0000000000009038       0x64 .pio\build\cubecell_board\libFrameworkArduino.a(LoRaMac.c.o)
                0x0000000000009038                SetTxContinuousWave
 .text.SetTxContinuousWave1
                0x000000000000909c       0x3c .pio\build\cubecell_board\libFrameworkArduino.a(LoRaMac.c.o)
                0x000000000000909c                SetTxContinuousWave1
 .text.LoRaMacInitialization
                0x00000000000090d8      0x2f0 .pio\build\cubecell_board\libFrameworkArduino.a(LoRaMac.c.o)
                0x00000000000090d8                LoRaMacInitialization
 .text.LoRaMacQueryTxPossible
                0x00000000000093c8      0x164 .pio\build\cubecell_board\libFrameworkArduino.a(LoRaMac.c.o)
                0x00000000000093c8                LoRaMacQueryTxPossible
 .text.LoRaMacMibGetRequestConfirm
                0x000000000000952c      0x13c .pio\build\cubecell_board\libFrameworkArduino.a(LoRaMac.c.o)
                0x000000000000952c                LoRaMacMibGetRequestConfirm
 .text.LoRaMacChannelAdd
                0x0000000000009668       0x34 .pio\build\cubecell_board\libFrameworkArduino.a(LoRaMac.c.o)
                0x0000000000009668                LoRaMacChannelAdd
 .text.LoRaMacMulticastChannelLink
                0x000000000000969c       0x3c .pio\build\cubecell_board\libFrameworkArduino.a(LoRaMac.c.o)
                0x000000000000969c                LoRaMacMulticastChannelLink
 .text.LoRaMacMulticastChannelUnlink
                0x00000000000096d8       0x40 .pio\build\cubecell_board\libFrameworkArduino.a(LoRaMac.c.o)
                0x00000000000096d8                LoRaMacMulticastChannelUnlink
 .text.LoRaMacMibSetRequestConfirm
                0x0000000000009718      0x378 .pio\build\cubecell_board\libFrameworkArduino.a(LoRaMac.c.o)
                0x0000000000009718                LoRaMacMibSetRequestConfirm
 .text.LoRaMacMlmeRequest
                0x0000000000009a90      0x228 .pio\build\cubecell_board\libFrameworkArduino.a(LoRaMac.c.o)
                0x0000000000009a90                LoRaMacMlmeRequest
 .text.LoRaMacMcpsRequest
                0x0000000000009cb8      0x170 .pio\build\cubecell_board\libFrameworkArduino.a(LoRaMac.c.o)
                0x0000000000009cb8                LoRaMacMcpsRequest
 .text.LoRaMacClassBInit
                0x0000000000009e28        0x2 .pio\build\cubecell_board\libFrameworkArduino.a(LoRaMacClassB.c.o)
                0x0000000000009e28                LoRaMacClassBInit
 .text.LoRaMacClassBSetBeaconState
                0x0000000000009e2a        0x2 .pio\build\cubecell_board\libFrameworkArduino.a(LoRaMacClassB.c.o)
                0x0000000000009e2a                LoRaMacClassBSetBeaconState
 .text.LoRaMacClassBSetPingSlotState
                0x0000000000009e2c        0x2 .pio\build\cubecell_board\libFrameworkArduino.a(LoRaMacClassB.c.o)
                0x0000000000009e2c                LoRaMacClassBSetPingSlotState
 .text.LoRaMacClassBSetMulticastSlotState
                0x0000000000009e2e        0x2 .pio\build\cubecell_board\libFrameworkArduino.a(LoRaMacClassB.c.o)
                0x0000000000009e2e                LoRaMacClassBSetMulticastSlotState
 .text.LoRaMacClassBIsAcquisitionInProgress
                0x0000000000009e30        0x4 .pio\build\cubecell_board\libFrameworkArduino.a(LoRaMacClassB.c.o)
                0x0000000000009e30                LoRaMacClassBIsAcquisitionInProgress
 .text.LoRaMacClassBBeaconTimerEvent
                0x0000000000009e34        0x2 .pio\build\cubecell_board\libFrameworkArduino.a(LoRaMacClassB.c.o)
                0x0000000000009e34                LoRaMacClassBBeaconTimerEvent
 .text.LoRaMacClassBPingSlotTimerEvent
                0x0000000000009e36        0x2 .pio\build\cubecell_board\libFrameworkArduino.a(LoRaMacClassB.c.o)
                0x0000000000009e36                LoRaMacClassBPingSlotTimerEvent
 .text.LoRaMacClassBMulticastSlotTimerEvent
                0x0000000000009e38        0x2 .pio\build\cubecell_board\libFrameworkArduino.a(LoRaMacClassB.c.o)
                0x0000000000009e38                LoRaMacClassBMulticastSlotTimerEvent
 .text.LoRaMacClassBRxBeacon
                0x0000000000009e3a        0x4 .pio\build\cubecell_board\libFrameworkArduino.a(LoRaMacClassB.c.o)
                0x0000000000009e3a                LoRaMacClassBRxBeacon
 .text.LoRaMacClassBIsBeaconExpected
                0x0000000000009e3e        0x4 .pio\build\cubecell_board\libFrameworkArduino.a(LoRaMacClassB.c.o)
                0x0000000000009e3e                LoRaMacClassBIsBeaconExpected
 .text.LoRaMacClassBIsPingExpected
                0x0000000000009e42        0x4 .pio\build\cubecell_board\libFrameworkArduino.a(LoRaMacClassB.c.o)
                0x0000000000009e42                LoRaMacClassBIsPingExpected
 .text.LoRaMacClassBIsMulticastExpected
                0x0000000000009e46        0x4 .pio\build\cubecell_board\libFrameworkArduino.a(LoRaMacClassB.c.o)
                0x0000000000009e46                LoRaMacClassBIsMulticastExpected
 .text.LoRaMacClassBIsBeaconModeActive
                0x0000000000009e4a        0x4 .pio\build\cubecell_board\libFrameworkArduino.a(LoRaMacClassB.c.o)
                0x0000000000009e4a                LoRaMacClassBIsBeaconModeActive
 .text.LoRaMacClassBSetPingSlotInfo
                0x0000000000009e4e        0x2 .pio\build\cubecell_board\libFrameworkArduino.a(LoRaMacClassB.c.o)
                0x0000000000009e4e                LoRaMacClassBSetPingSlotInfo
 .text.LoRaMacClassBHaltBeaconing
                0x0000000000009e50        0x2 .pio\build\cubecell_board\libFrameworkArduino.a(LoRaMacClassB.c.o)
                0x0000000000009e50                LoRaMacClassBHaltBeaconing
 .text.LoRaMacClassBResumeBeaconing
                0x0000000000009e52        0x2 .pio\build\cubecell_board\libFrameworkArduino.a(LoRaMacClassB.c.o)
                0x0000000000009e52                LoRaMacClassBResumeBeaconing
 .text.LoRaMacClassBSwitchClass
                0x0000000000009e54        0x4 .pio\build\cubecell_board\libFrameworkArduino.a(LoRaMacClassB.c.o)
                0x0000000000009e54                LoRaMacClassBSwitchClass
 .text.LoRaMacClassBMibGetRequestConfirm
                0x0000000000009e58        0x4 .pio\build\cubecell_board\libFrameworkArduino.a(LoRaMacClassB.c.o)
                0x0000000000009e58                LoRaMacClassBMibGetRequestConfirm
 .text.LoRaMacMibClassBSetRequestConfirm
                0x0000000000009e5c        0x4 .pio\build\cubecell_board\libFrameworkArduino.a(LoRaMacClassB.c.o)
                0x0000000000009e5c                LoRaMacMibClassBSetRequestConfirm
 .text.LoRaMacClassBPingSlotInfoAns
                0x0000000000009e60        0x2 .pio\build\cubecell_board\libFrameworkArduino.a(LoRaMacClassB.c.o)
                0x0000000000009e60                LoRaMacClassBPingSlotInfoAns
 .text.LoRaMacClassBPingSlotChannelReq
                0x0000000000009e62        0x4 .pio\build\cubecell_board\libFrameworkArduino.a(LoRaMacClassB.c.o)
                0x0000000000009e62                LoRaMacClassBPingSlotChannelReq
 .text.LoRaMacClassBBeaconTimingAns
                0x0000000000009e66        0x2 .pio\build\cubecell_board\libFrameworkArduino.a(LoRaMacClassB.c.o)
                0x0000000000009e66                LoRaMacClassBBeaconTimingAns
 .text.LoRaMacClassBDeviceTimeAns
                0x0000000000009e68        0x2 .pio\build\cubecell_board\libFrameworkArduino.a(LoRaMacClassB.c.o)
                0x0000000000009e68                LoRaMacClassBDeviceTimeAns
 .text.LoRaMacClassBBeaconFreqReq
                0x0000000000009e6a        0x4 .pio\build\cubecell_board\libFrameworkArduino.a(LoRaMacClassB.c.o)
                0x0000000000009e6a                LoRaMacClassBBeaconFreqReq
 .text.LoRaMacClassBIsUplinkCollision
                0x0000000000009e6e        0x6 .pio\build\cubecell_board\libFrameworkArduino.a(LoRaMacClassB.c.o)
                0x0000000000009e6e                LoRaMacClassBIsUplinkCollision
 .text.LoRaMacClassBStopRxSlots
                0x0000000000009e74        0x2 .pio\build\cubecell_board\libFrameworkArduino.a(LoRaMacClassB.c.o)
                0x0000000000009e74                LoRaMacClassBStopRxSlots
 .text.LoRaMacClassBSetMulticastPeriodicity
                0x0000000000009e76        0x2 .pio\build\cubecell_board\libFrameworkArduino.a(LoRaMacClassB.c.o)
                0x0000000000009e76                LoRaMacClassBSetMulticastPeriodicity
 .text.LoRaMacConfirmQueueInit
                0x0000000000009e78       0x28 .pio\build\cubecell_board\libFrameworkArduino.a(LoRaMacConfirmQueue.c.o)
                0x0000000000009e78                LoRaMacConfirmQueueInit
 .text.LoRaMacConfirmQueueAdd
                0x0000000000009ea0       0x3c .pio\build\cubecell_board\libFrameworkArduino.a(LoRaMacConfirmQueue.c.o)
                0x0000000000009ea0                LoRaMacConfirmQueueAdd
 .text.LoRaMacConfirmQueueRemoveLast
                0x0000000000009edc       0x28 .pio\build\cubecell_board\libFrameworkArduino.a(LoRaMacConfirmQueue.c.o)
                0x0000000000009edc                LoRaMacConfirmQueueRemoveLast
 .text.LoRaMacConfirmQueueRemoveFirst
                0x0000000000009f04       0x28 .pio\build\cubecell_board\libFrameworkArduino.a(LoRaMacConfirmQueue.c.o)
                0x0000000000009f04                LoRaMacConfirmQueueRemoveFirst
 .text.LoRaMacConfirmQueueSetStatus
                0x0000000000009f2c       0x38 .pio\build\cubecell_board\libFrameworkArduino.a(LoRaMacConfirmQueue.c.o)
                0x0000000000009f2c                LoRaMacConfirmQueueSetStatus
 .text.LoRaMacConfirmQueueGetStatus
                0x0000000000009f64       0x38 .pio\build\cubecell_board\libFrameworkArduino.a(LoRaMacConfirmQueue.c.o)
                0x0000000000009f64                LoRaMacConfirmQueueGetStatus
 .text.LoRaMacConfirmQueueSetStatusCmn
                0x0000000000009f9c       0x38 .pio\build\cubecell_board\libFrameworkArduino.a(LoRaMacConfirmQueue.c.o)
                0x0000000000009f9c                LoRaMacConfirmQueueSetStatusCmn
 .text.LoRaMacConfirmQueueGetStatusCmn
                0x0000000000009fd4        0xc .pio\build\cubecell_board\libFrameworkArduino.a(LoRaMacConfirmQueue.c.o)
                0x0000000000009fd4                LoRaMacConfirmQueueGetStatusCmn
 .text.LoRaMacConfirmQueueIsCmdActive
                0x0000000000009fe0       0x30 .pio\build\cubecell_board\libFrameworkArduino.a(LoRaMacConfirmQueue.c.o)
                0x0000000000009fe0                LoRaMacConfirmQueueIsCmdActive
 .text.LoRaMacConfirmQueueHandleCb
                0x000000000000a010       0x54 .pio\build\cubecell_board\libFrameworkArduino.a(LoRaMacConfirmQueue.c.o)
                0x000000000000a010                LoRaMacConfirmQueueHandleCb
 .text.LoRaMacConfirmQueueGetCnt
                0x000000000000a064        0xc .pio\build\cubecell_board\libFrameworkArduino.a(LoRaMacConfirmQueue.c.o)
                0x000000000000a064                LoRaMacConfirmQueueGetCnt
 .text.LoRaMacConfirmQueueIsFull
                0x000000000000a070       0x14 .pio\build\cubecell_board\libFrameworkArduino.a(LoRaMacConfirmQueue.c.o)
                0x000000000000a070                LoRaMacConfirmQueueIsFull
 .text.LoRaMacComputeMic
                0x000000000000a084       0x84 .pio\build\cubecell_board\libFrameworkArduino.a(LoRaMacCrypto.c.o)
                0x000000000000a084                LoRaMacComputeMic
 .text.LoRaMacPayloadEncrypt
                0x000000000000a108       0xe0 .pio\build\cubecell_board\libFrameworkArduino.a(LoRaMacCrypto.c.o)
                0x000000000000a108                LoRaMacPayloadEncrypt
 .text.LoRaMacPayloadDecrypt
                0x000000000000a1e8       0x1a .pio\build\cubecell_board\libFrameworkArduino.a(LoRaMacCrypto.c.o)
                0x000000000000a1e8                LoRaMacPayloadDecrypt
 *fill*         0x000000000000a202        0x2 
 .text.LoRaMacJoinComputeMic
                0x000000000000a204       0x50 .pio\build\cubecell_board\libFrameworkArduino.a(LoRaMacCrypto.c.o)
                0x000000000000a204                LoRaMacJoinComputeMic
 .text.LoRaMacJoinDecrypt
                0x000000000000a254       0x44 .pio\build\cubecell_board\libFrameworkArduino.a(LoRaMacCrypto.c.o)
                0x000000000000a254                LoRaMacJoinDecrypt
 .text.LoRaMacJoinComputeSKeys
                0x000000000000a298       0x9c .pio\build\cubecell_board\libFrameworkArduino.a(LoRaMacCrypto.c.o)
                0x000000000000a298                LoRaMacJoinComputeSKeys
 .text.RegionIsActive
                0x000000000000a334       0x12 .pio\build\cubecell_board\libFrameworkArduino.a(Region.c.o)
                0x000000000000a334                RegionIsActive
 .text.RegionGetPhyParam
                0x000000000000a346       0x24 .pio\build\cubecell_board\libFrameworkArduino.a(Region.c.o)
                0x000000000000a346                RegionGetPhyParam
 .text.RegionSetBandTxDone
                0x000000000000a36a       0x1c .pio\build\cubecell_board\libFrameworkArduino.a(Region.c.o)
                0x000000000000a36a                RegionSetBandTxDone
 .text.RegionInitDefaults
                0x000000000000a386       0x1c .pio\build\cubecell_board\libFrameworkArduino.a(Region.c.o)
                0x000000000000a386                RegionInitDefaults
 .text.RegionVerify
                0x000000000000a3a2       0x20 .pio\build\cubecell_board\libFrameworkArduino.a(Region.c.o)
                0x000000000000a3a2                RegionVerify
 .text.RegionApplyCFList
                0x000000000000a3c2       0x1c .pio\build\cubecell_board\libFrameworkArduino.a(Region.c.o)
                0x000000000000a3c2                RegionApplyCFList
 .text.RegionChanMaskSet
                0x000000000000a3de       0x1e .pio\build\cubecell_board\libFrameworkArduino.a(Region.c.o)
                0x000000000000a3de                RegionChanMaskSet
 .text.RegionAdrNext
                0x000000000000a3fc       0x26 .pio\build\cubecell_board\libFrameworkArduino.a(Region.c.o)
                0x000000000000a3fc                RegionAdrNext
 .text.RegionComputeRxWindowParameters
                0x000000000000a422       0x24 .pio\build\cubecell_board\libFrameworkArduino.a(Region.c.o)
                0x000000000000a422                RegionComputeRxWindowParameters
 .text.RegionRxConfig
                0x000000000000a446       0x20 .pio\build\cubecell_board\libFrameworkArduino.a(Region.c.o)
                0x000000000000a446                RegionRxConfig
 .text.RegionTxConfig
                0x000000000000a466       0x22 .pio\build\cubecell_board\libFrameworkArduino.a(Region.c.o)
                0x000000000000a466                RegionTxConfig
 .text.RegionLinkAdrReq
                0x000000000000a488       0x2c .pio\build\cubecell_board\libFrameworkArduino.a(Region.c.o)
                0x000000000000a488                RegionLinkAdrReq
 .text.RegionRxParamSetupReq
                0x000000000000a4b4       0x1e .pio\build\cubecell_board\libFrameworkArduino.a(Region.c.o)
                0x000000000000a4b4                RegionRxParamSetupReq
 .text.RegionNewChannelReq
                0x000000000000a4d2       0x1e .pio\build\cubecell_board\libFrameworkArduino.a(Region.c.o)
                0x000000000000a4d2                RegionNewChannelReq
 .text.RegionTxParamSetupReq
                0x000000000000a4f0       0x1e .pio\build\cubecell_board\libFrameworkArduino.a(Region.c.o)
                0x000000000000a4f0                RegionTxParamSetupReq
 .text.RegionDlChannelReq
                0x000000000000a50e       0x1e .pio\build\cubecell_board\libFrameworkArduino.a(Region.c.o)
                0x000000000000a50e                RegionDlChannelReq
 .text.RegionAlternateDr
                0x000000000000a52c       0x1e .pio\build\cubecell_board\libFrameworkArduino.a(Region.c.o)
                0x000000000000a52c                RegionAlternateDr
 .text.RegionCalcBackOff
                0x000000000000a54a       0x1c .pio\build\cubecell_board\libFrameworkArduino.a(Region.c.o)
                0x000000000000a54a                RegionCalcBackOff
 .text.RegionNextChannel
                0x000000000000a566       0x26 .pio\build\cubecell_board\libFrameworkArduino.a(Region.c.o)
                0x000000000000a566                RegionNextChannel
 .text.RegionChannelAdd
                0x000000000000a58c       0x1e .pio\build\cubecell_board\libFrameworkArduino.a(Region.c.o)
                0x000000000000a58c                RegionChannelAdd
 .text.RegionSetContinuousWave
                0x000000000000a5aa       0x1c .pio\build\cubecell_board\libFrameworkArduino.a(Region.c.o)
                0x000000000000a5aa                RegionSetContinuousWave
 .text.RegionApplyDrOffset
                0x000000000000a5c6       0x22 .pio\build\cubecell_board\libFrameworkArduino.a(Region.c.o)
                0x000000000000a5c6                RegionApplyDrOffset
 .text.VerifyTxFreq
                0x000000000000a5e8       0x2c .pio\build\cubecell_board\libFrameworkArduino.a(RegionAS923.c.o)
 .text.RegionAS923GetPhyParam
                0x000000000000a614      0x140 .pio\build\cubecell_board\libFrameworkArduino.a(RegionAS923.c.o)
                0x000000000000a614                RegionAS923GetPhyParam
 .text.RegionAS923SetBandTxDone
                0x000000000000a754       0x28 .pio\build\cubecell_board\libFrameworkArduino.a(RegionAS923.c.o)
                0x000000000000a754                RegionAS923SetBandTxDone
 .text.RegionAS923InitDefaults
                0x000000000000a77c       0x48 .pio\build\cubecell_board\libFrameworkArduino.a(RegionAS923.c.o)
                0x000000000000a77c                RegionAS923InitDefaults
 .text.RegionAS923Verify
                0x000000000000a7c4       0x58 .pio\build\cubecell_board\libFrameworkArduino.a(RegionAS923.c.o)
                0x000000000000a7c4                RegionAS923Verify
 .text.RegionAS923ChanMaskSet
                0x000000000000a81c       0x34 .pio\build\cubecell_board\libFrameworkArduino.a(RegionAS923.c.o)
                0x000000000000a81c                RegionAS923ChanMaskSet
 .text.RegionAS923AdrNext
                0x000000000000a850       0xa0 .pio\build\cubecell_board\libFrameworkArduino.a(RegionAS923.c.o)
                0x000000000000a850                RegionAS923AdrNext